Archive member included because of file (symbol)

..\..\..\..\..\..\..\Program Files (x86)\GNU Tools ARM Embedded\4.8 2014q3\arm-none-eabi\lib\armv7e-m\softfp\libm.a(lib_a-s_sin.o)
                              ..\obj\Biblioteka_Kalendarz.o (sin)
..\..\..\..\..\..\..\Program Files (x86)\GNU Tools ARM Embedded\4.8 2014q3\arm-none-eabi\lib\armv7e-m\softfp\libm.a(lib_a-e_rem_pio2.o)
                              ..\..\..\..\..\..\..\Program Files (x86)\GNU Tools ARM Embedded\4.8 2014q3\arm-none-eabi\lib\armv7e-m\softfp\libm.a(lib_a-s_sin.o) (__ieee754_rem_pio2)
..\..\..\..\..\..\..\Program Files (x86)\GNU Tools ARM Embedded\4.8 2014q3\arm-none-eabi\lib\armv7e-m\softfp\libm.a(lib_a-k_cos.o)
                              ..\..\..\..\..\..\..\Program Files (x86)\GNU Tools ARM Embedded\4.8 2014q3\arm-none-eabi\lib\armv7e-m\softfp\libm.a(lib_a-s_sin.o) (__kernel_cos)
..\..\..\..\..\..\..\Program Files (x86)\GNU Tools ARM Embedded\4.8 2014q3\arm-none-eabi\lib\armv7e-m\softfp\libm.a(lib_a-k_rem_pio2.o)
                              ..\..\..\..\..\..\..\Program Files (x86)\GNU Tools ARM Embedded\4.8 2014q3\arm-none-eabi\lib\armv7e-m\softfp\libm.a(lib_a-e_rem_pio2.o) (__kernel_rem_pio2)
..\..\..\..\..\..\..\Program Files (x86)\GNU Tools ARM Embedded\4.8 2014q3\arm-none-eabi\lib\armv7e-m\softfp\libm.a(lib_a-k_sin.o)
                              ..\..\..\..\..\..\..\Program Files (x86)\GNU Tools ARM Embedded\4.8 2014q3\arm-none-eabi\lib\armv7e-m\softfp\libm.a(lib_a-s_sin.o) (__kernel_sin)
..\..\..\..\..\..\..\Program Files (x86)\GNU Tools ARM Embedded\4.8 2014q3\arm-none-eabi\lib\armv7e-m\softfp\libm.a(lib_a-s_fabs.o)
                              ..\..\..\..\..\..\..\Program Files (x86)\GNU Tools ARM Embedded\4.8 2014q3\arm-none-eabi\lib\armv7e-m\softfp\libm.a(lib_a-e_rem_pio2.o) (fabs)
..\..\..\..\..\..\..\Program Files (x86)\GNU Tools ARM Embedded\4.8 2014q3\arm-none-eabi\lib\armv7e-m\softfp\libm.a(lib_a-s_floor.o)
                              ..\..\..\..\..\..\..\Program Files (x86)\GNU Tools ARM Embedded\4.8 2014q3\arm-none-eabi\lib\armv7e-m\softfp\libm.a(lib_a-k_rem_pio2.o) (floor)
..\..\..\..\..\..\..\Program Files (x86)\GNU Tools ARM Embedded\4.8 2014q3\arm-none-eabi\lib\armv7e-m\softfp\libm.a(lib_a-s_scalbn.o)
                              ..\..\..\..\..\..\..\Program Files (x86)\GNU Tools ARM Embedded\4.8 2014q3\arm-none-eabi\lib\armv7e-m\softfp\libm.a(lib_a-k_rem_pio2.o) (scalbn)
..\..\..\..\..\..\..\Program Files (x86)\GNU Tools ARM Embedded\4.8 2014q3\arm-none-eabi\lib\armv7e-m\softfp\libm.a(lib_a-s_copysign.o)
                              ..\..\..\..\..\..\..\Program Files (x86)\GNU Tools ARM Embedded\4.8 2014q3\arm-none-eabi\lib\armv7e-m\softfp\libm.a(lib_a-s_scalbn.o) (copysign)
c:/program files (x86)/gnu tools arm embedded/4.8 2014q3/bin/../lib/gcc/arm-none-eabi/4.8.4/armv7-m\libgcc.a(_arm_addsubdf3.o)
                              ..\..\..\..\..\..\..\Program Files (x86)\GNU Tools ARM Embedded\4.8 2014q3\arm-none-eabi\lib\armv7e-m\softfp\libm.a(lib_a-s_sin.o) (__aeabi_dsub)
c:/program files (x86)/gnu tools arm embedded/4.8 2014q3/bin/../lib/gcc/arm-none-eabi/4.8.4/armv7-m\libgcc.a(_arm_muldivdf3.o)
                              ..\obj\Biblioteka_Kalendarz.o (__aeabi_dmul)
c:/program files (x86)/gnu tools arm embedded/4.8 2014q3/bin/../lib/gcc/arm-none-eabi/4.8.4/armv7-m\libgcc.a(_arm_cmpdf2.o)
                              ..\..\..\..\..\..\..\Program Files (x86)\GNU Tools ARM Embedded\4.8 2014q3\arm-none-eabi\lib\armv7e-m\softfp\libm.a(lib_a-e_rem_pio2.o) (__aeabi_dcmpeq)
c:/program files (x86)/gnu tools arm embedded/4.8 2014q3/bin/../lib/gcc/arm-none-eabi/4.8.4/armv7-m\libgcc.a(_arm_fixdfsi.o)
                              ..\..\..\..\..\..\..\Program Files (x86)\GNU Tools ARM Embedded\4.8 2014q3\arm-none-eabi\lib\armv7e-m\softfp\libm.a(lib_a-e_rem_pio2.o) (__aeabi_d2iz)
c:/program files (x86)/gnu tools arm embedded/4.8 2014q3/bin/../lib/gcc/arm-none-eabi/4.8.4/armv7-m\libgcc.a(_arm_truncdfsf2.o)
                              ..\obj\Biblioteka_Kalendarz.o (__aeabi_d2f)
c:/program files (x86)/gnu tools arm embedded/4.8 2014q3/bin/../lib/gcc/arm-none-eabi/4.8.4/armv7-m\libgcc.a(_arm_fixsfsi.o)
                              ..\obj\Biblioteka_Kalendarz.o (__aeabi_f2iz)
..\..\..\..\..\..\..\Program Files (x86)\GNU Tools ARM Embedded\4.8 2014q3\arm-none-eabi\lib\armv7e-m\softfp\libg.a(lib_a-atoi.o)
                              ..\obj\Biblioteka_Kalendarz.o (atoi)
..\..\..\..\..\..\..\Program Files (x86)\GNU Tools ARM Embedded\4.8 2014q3\arm-none-eabi\lib\armv7e-m\softfp\libg.a(lib_a-strtol.o)
                              ..\..\..\..\..\..\..\Program Files (x86)\GNU Tools ARM Embedded\4.8 2014q3\arm-none-eabi\lib\armv7e-m\softfp\libg.a(lib_a-atoi.o) (_strtol_r)
..\..\..\..\..\..\..\Program Files (x86)\GNU Tools ARM Embedded\4.8 2014q3\arm-none-eabi\lib\armv7e-m\softfp\libg.a(lib_a-ctype_.o)
                              ..\..\..\..\..\..\..\Program Files (x86)\GNU Tools ARM Embedded\4.8 2014q3\arm-none-eabi\lib\armv7e-m\softfp\libg.a(lib_a-strtol.o) (__ctype_ptr__)

Allocating common symbols
Common symbol       size              file

DrvKrokPeriod       0x4               ..\obj\main.o
TimerBNA            0x4               ..\obj\stm32f10x_it.o
t                   0x7d0             ..\obj\stm32f10x_it.o
RTC_ActualCallendarStruct
                    0x14              ..\obj\stm32f10x_it.o
BuzzerAccept        0x6               ..\obj\main.o
RTC_AlarmTimeStruct
                    0x3               ..\obj\stm32f10x_it.o
BuzzerAlarm         0x6               ..\obj\main.o
RTC_ActualTimeStruct
                    0x3               ..\obj\main.o
w                   0x1               ..\obj\stm32f10x_it.o
idx_nuta_dzwiek     0x2               ..\obj\stm32f10x_it.o
BuzzerSelect        0x6               ..\obj\main.o
pozycja_wskazowki   0x4               ..\obj\main.o
Tmux                0x4               ..\obj\main.o
BuzzerStruct        0x6               ..\obj\main.o
RTC_Budzik          0x1c              ..\obj\stm32f10x_it.o
nuta_fade           0x4               ..\obj\main.o
DrvKrokCount        0x4               ..\obj\main.o
Muzyka              0x4               ..\obj\stm32f10x_it.o
TimerOA             0x4               ..\obj\stm32f10x_it.o
RTC_BudzikTemp      0x4               ..\obj\stm32f10x_it.o
eTrybPracy          0x1               ..\obj\main.o

Discarded input sections

 .text          0x00000000        0x0 ..\obj\stm32f10x_rtc.o
 .data          0x00000000        0x0 ..\obj\stm32f10x_rtc.o
 .bss           0x00000000        0x0 ..\obj\stm32f10x_rtc.o
 .text.RTC_SetAlarm
                0x00000000       0x2c ..\obj\stm32f10x_rtc.o
 .text.RTC_GetDivider
                0x00000000       0x38 ..\obj\stm32f10x_rtc.o
 .text.RTC_GetFlagStatus
                0x00000000       0x3c ..\obj\stm32f10x_rtc.o
 .text.RTC_ClearFlag
                0x00000000       0x2c ..\obj\stm32f10x_rtc.o
 .text          0x00000000        0x0 ..\obj\stm32f10x_tim.o
 .data          0x00000000        0x0 ..\obj\stm32f10x_tim.o
 .bss           0x00000000        0x0 ..\obj\stm32f10x_tim.o
 .text.TIM_OC1Init
                0x00000000      0x118 ..\obj\stm32f10x_tim.o
 .text.TIM_OC2Init
                0x00000000      0x110 ..\obj\stm32f10x_tim.o
 .text.TIM_OC3Init
                0x00000000      0x10c ..\obj\stm32f10x_tim.o
 .text.TIM_OC4Init
                0x00000000       0xd0 ..\obj\stm32f10x_tim.o
 .text.TIM_ICInit
                0x00000000       0xa8 ..\obj\stm32f10x_tim.o
 .text.TIM_PWMIConfig
                0x00000000       0xb8 ..\obj\stm32f10x_tim.o
 .text.TIM_BDTRConfig
                0x00000000       0x50 ..\obj\stm32f10x_tim.o
 .text.TIM_TimeBaseStructInit
                0x00000000       0x34 ..\obj\stm32f10x_tim.o
 .text.TIM_OCStructInit
                0x00000000       0x44 ..\obj\stm32f10x_tim.o
 .text.TIM_ICStructInit
                0x00000000       0x30 ..\obj\stm32f10x_tim.o
 .text.TIM_BDTRStructInit
                0x00000000       0x3c ..\obj\stm32f10x_tim.o
 .text.TIM_CtrlPWMOutputs
                0x00000000       0x4c ..\obj\stm32f10x_tim.o
 .text.TIM_GenerateEvent
                0x00000000       0x1c ..\obj\stm32f10x_tim.o
 .text.TIM_DMAConfig
                0x00000000       0x28 ..\obj\stm32f10x_tim.o
 .text.TIM_DMACmd
                0x00000000       0x48 ..\obj\stm32f10x_tim.o
 .text.TIM_InternalClockConfig
                0x00000000       0x24 ..\obj\stm32f10x_tim.o
 .text.TIM_ITRxExternalClockConfig
                0x00000000       0x2c ..\obj\stm32f10x_tim.o
 .text.TIM_TIxExternalClockConfig
                0x00000000       0x54 ..\obj\stm32f10x_tim.o
 .text.TIM_ETRClockMode1Config
                0x00000000       0x50 ..\obj\stm32f10x_tim.o
 .text.TIM_ETRClockMode2Config
                0x00000000       0x30 ..\obj\stm32f10x_tim.o
 .text.TIM_ETRConfig
                0x00000000       0x48 ..\obj\stm32f10x_tim.o
 .text.TIM_PrescalerConfig
                0x00000000       0x28 ..\obj\stm32f10x_tim.o
 .text.TIM_CounterModeConfig
                0x00000000       0x38 ..\obj\stm32f10x_tim.o
 .text.TIM_SelectInputTrigger
                0x00000000       0x38 ..\obj\stm32f10x_tim.o
 .text.TIM_EncoderInterfaceConfig
                0x00000000       0x8c ..\obj\stm32f10x_tim.o
 .text.TIM_ForcedOC1Config
                0x00000000       0x38 ..\obj\stm32f10x_tim.o
 .text.TIM_ForcedOC2Config
                0x00000000       0x3c ..\obj\stm32f10x_tim.o
 .text.TIM_ForcedOC3Config
                0x00000000       0x38 ..\obj\stm32f10x_tim.o
 .text.TIM_ForcedOC4Config
                0x00000000       0x3c ..\obj\stm32f10x_tim.o
 .text.TIM_ARRPreloadConfig
                0x00000000       0x40 ..\obj\stm32f10x_tim.o
 .text.TIM_SelectCOM
                0x00000000       0x40 ..\obj\stm32f10x_tim.o
 .text.TIM_SelectCCDMA
                0x00000000       0x40 ..\obj\stm32f10x_tim.o
 .text.TIM_CCPreloadControl
                0x00000000       0x40 ..\obj\stm32f10x_tim.o
 .text.TIM_OC1PreloadConfig
                0x00000000       0x38 ..\obj\stm32f10x_tim.o
 .text.TIM_OC2PreloadConfig
                0x00000000       0x3c ..\obj\stm32f10x_tim.o
 .text.TIM_OC3PreloadConfig
                0x00000000       0x38 ..\obj\stm32f10x_tim.o
 .text.TIM_OC4PreloadConfig
                0x00000000       0x3c ..\obj\stm32f10x_tim.o
 .text.TIM_OC1FastConfig
                0x00000000       0x38 ..\obj\stm32f10x_tim.o
 .text.TIM_OC2FastConfig
                0x00000000       0x3c ..\obj\stm32f10x_tim.o
 .text.TIM_OC3FastConfig
                0x00000000       0x38 ..\obj\stm32f10x_tim.o
 .text.TIM_OC4FastConfig
                0x00000000       0x3c ..\obj\stm32f10x_tim.o
 .text.TIM_ClearOC1Ref
                0x00000000       0x38 ..\obj\stm32f10x_tim.o
 .text.TIM_ClearOC2Ref
                0x00000000       0x3c ..\obj\stm32f10x_tim.o
 .text.TIM_ClearOC3Ref
                0x00000000       0x38 ..\obj\stm32f10x_tim.o
 .text.TIM_ClearOC4Ref
                0x00000000       0x3c ..\obj\stm32f10x_tim.o
 .text.TIM_OC1PolarityConfig
                0x00000000       0x38 ..\obj\stm32f10x_tim.o
 .text.TIM_OC1NPolarityConfig
                0x00000000       0x38 ..\obj\stm32f10x_tim.o
 .text.TIM_OC2PolarityConfig
                0x00000000       0x3c ..\obj\stm32f10x_tim.o
 .text.TIM_OC2NPolarityConfig
                0x00000000       0x3c ..\obj\stm32f10x_tim.o
 .text.TIM_OC3PolarityConfig
                0x00000000       0x3c ..\obj\stm32f10x_tim.o
 .text.TIM_OC3NPolarityConfig
                0x00000000       0x3c ..\obj\stm32f10x_tim.o
 .text.TIM_OC4PolarityConfig
                0x00000000       0x3c ..\obj\stm32f10x_tim.o
 .text.TIM_CCxCmd
                0x00000000       0x54 ..\obj\stm32f10x_tim.o
 .text.TIM_CCxNCmd
                0x00000000       0x54 ..\obj\stm32f10x_tim.o
 .text.TIM_SelectOCxM
                0x00000000       0xa8 ..\obj\stm32f10x_tim.o
 .text.TIM_UpdateDisableConfig
                0x00000000       0x40 ..\obj\stm32f10x_tim.o
 .text.TIM_UpdateRequestConfig
                0x00000000       0x40 ..\obj\stm32f10x_tim.o
 .text.TIM_SelectHallSensor
                0x00000000       0x40 ..\obj\stm32f10x_tim.o
 .text.TIM_SelectOnePulseMode
                0x00000000       0x38 ..\obj\stm32f10x_tim.o
 .text.TIM_SelectOutputTrigger
                0x00000000       0x38 ..\obj\stm32f10x_tim.o
 .text.TIM_SelectSlaveMode
                0x00000000       0x38 ..\obj\stm32f10x_tim.o
 .text.TIM_SelectMasterSlaveMode
                0x00000000       0x38 ..\obj\stm32f10x_tim.o
 .text.TIM_SetCounter
                0x00000000       0x1c ..\obj\stm32f10x_tim.o
 .text.TIM_SetAutoreload
                0x00000000       0x1c ..\obj\stm32f10x_tim.o
 .text.TIM_SetCompare1
                0x00000000       0x1c ..\obj\stm32f10x_tim.o
 .text.TIM_SetCompare2
                0x00000000       0x1c ..\obj\stm32f10x_tim.o
 .text.TIM_SetCompare3
                0x00000000       0x1c ..\obj\stm32f10x_tim.o
 .text.TIM_SetCompare4
                0x00000000       0x20 ..\obj\stm32f10x_tim.o
 .text.TIM_SetIC1Prescaler
                0x00000000       0x38 ..\obj\stm32f10x_tim.o
 .text.TIM_SetIC2Prescaler
                0x00000000       0x3c ..\obj\stm32f10x_tim.o
 .text.TIM_SetIC3Prescaler
                0x00000000       0x38 ..\obj\stm32f10x_tim.o
 .text.TIM_SetIC4Prescaler
                0x00000000       0x3c ..\obj\stm32f10x_tim.o
 .text.TIM_SetClockDivision
                0x00000000       0x38 ..\obj\stm32f10x_tim.o
 .text.TIM_GetCapture1
                0x00000000       0x1c ..\obj\stm32f10x_tim.o
 .text.TIM_GetCapture2
                0x00000000       0x1c ..\obj\stm32f10x_tim.o
 .text.TIM_GetCapture3
                0x00000000       0x1c ..\obj\stm32f10x_tim.o
 .text.TIM_GetCapture4
                0x00000000       0x1c ..\obj\stm32f10x_tim.o
 .text.TIM_GetCounter
                0x00000000       0x1c ..\obj\stm32f10x_tim.o
 .text.TIM_GetPrescaler
                0x00000000       0x1c ..\obj\stm32f10x_tim.o
 .text.TIM_GetFlagStatus
                0x00000000       0x38 ..\obj\stm32f10x_tim.o
 .text.TIM_ClearFlag
                0x00000000       0x20 ..\obj\stm32f10x_tim.o
 .text.TI1_Config
                0x00000000       0xd4 ..\obj\stm32f10x_tim.o
 .text.TI2_Config
                0x00000000       0xe8 ..\obj\stm32f10x_tim.o
 .text.TI3_Config
                0x00000000       0xe0 ..\obj\stm32f10x_tim.o
 .text.TI4_Config
                0x00000000       0xec ..\obj\stm32f10x_tim.o
 .text          0x00000000        0x0 ..\obj\RTC_TimeAndCallendar.o
 .data          0x00000000        0x0 ..\obj\RTC_TimeAndCallendar.o
 .bss           0x00000000        0x0 ..\obj\RTC_TimeAndCallendar.o
 .rodata        0x00000000       0x20 ..\obj\RTC_TimeAndCallendar.o
 .text.RTC_GetDateTimeString
                0x00000000       0x54 ..\obj\RTC_TimeAndCallendar.o
 .text          0x00000000        0x0 ..\obj\system_stm32f10x.o
 .bss           0x00000000        0x0 ..\obj\system_stm32f10x.o
 .text.SystemCoreClockUpdate
                0x00000000       0xd8 ..\obj\system_stm32f10x.o
 .text          0x00000000        0x0 ..\obj\startup_stm32f10x_md.o
 .data          0x00000000        0x0 ..\obj\startup_stm32f10x_md.o
 .bss           0x00000000        0x0 ..\obj\startup_stm32f10x_md.o
 .text          0x00000000        0x0 ..\obj\stm32f10x_pwr.o
 .data          0x00000000        0x0 ..\obj\stm32f10x_pwr.o
 .bss           0x00000000        0x0 ..\obj\stm32f10x_pwr.o
 .text.PWR_DeInit
                0x00000000       0x1c ..\obj\stm32f10x_pwr.o
 .text.PWR_PVDCmd
                0x00000000       0x20 ..\obj\stm32f10x_pwr.o
 .text.PWR_PVDLevelConfig
                0x00000000       0x38 ..\obj\stm32f10x_pwr.o
 .text.PWR_WakeUpPinCmd
                0x00000000       0x20 ..\obj\stm32f10x_pwr.o
 .text.PWR_EnterSTOPMode
                0x00000000       0x64 ..\obj\stm32f10x_pwr.o
 .text.PWR_EnterSTANDBYMode
                0x00000000       0x3c ..\obj\stm32f10x_pwr.o
 .text.PWR_GetFlagStatus
                0x00000000       0x34 ..\obj\stm32f10x_pwr.o
 .text.PWR_ClearFlag
                0x00000000       0x24 ..\obj\stm32f10x_pwr.o
 .text          0x00000000        0x0 ..\obj\stm32f10x_gpio.o
 .data          0x00000000        0x0 ..\obj\stm32f10x_gpio.o
 .bss           0x00000000        0x0 ..\obj\stm32f10x_gpio.o
 .text.GPIO_DeInit
                0x00000000       0xe4 ..\obj\stm32f10x_gpio.o
 .text.GPIO_AFIODeInit
                0x00000000       0x18 ..\obj\stm32f10x_gpio.o
 .text.GPIO_StructInit
                0x00000000       0x28 ..\obj\stm32f10x_gpio.o
 .text.GPIO_ReadInputData
                0x00000000       0x1c ..\obj\stm32f10x_gpio.o
 .text.GPIO_ReadOutputData
                0x00000000       0x1c ..\obj\stm32f10x_gpio.o
 .text.GPIO_SetBits
                0x00000000       0x1c ..\obj\stm32f10x_gpio.o
 .text.GPIO_ResetBits
                0x00000000       0x1c ..\obj\stm32f10x_gpio.o
 .text.GPIO_Write
                0x00000000       0x1c ..\obj\stm32f10x_gpio.o
 .text.GPIO_PinLockConfig
                0x00000000       0x44 ..\obj\stm32f10x_gpio.o
 .text.GPIO_EventOutputConfig
                0x00000000       0x48 ..\obj\stm32f10x_gpio.o
 .text.GPIO_EventOutputCmd
                0x00000000       0x20 ..\obj\stm32f10x_gpio.o
 .text.GPIO_ETH_MediaInterfaceConfig
                0x00000000       0x1c ..\obj\stm32f10x_gpio.o
 .text          0x00000000        0x0 ..\obj\system_init.o
 .data          0x00000000        0x0 ..\obj\system_init.o
 .bss           0x00000000        0x0 ..\obj\system_init.o
 .text          0x00000000        0x0 ..\obj\Delays.o
 .data          0x00000000        0x0 ..\obj\Delays.o
 .bss           0x00000000        0x0 ..\obj\Delays.o
 .text.Delay_Init
                0x00000000        0xc ..\obj\Delays.o
 .text          0x00000000        0x0 ..\obj\main.o
 .bss           0x00000000        0x0 ..\obj\main.o
 .text.Wyswietl_ustaw_alarm_dzientyg
                0x00000000       0x38 ..\obj\main.o
 .text.Drv_uspij
                0x00000000       0x14 ..\obj\main.o
 .text.pierwiastek
                0x00000000       0x68 ..\obj\main.o
 .text          0x00000000        0x0 ..\obj\printf.o
 .data          0x00000000      0x430 ..\obj\printf.o
 .bss           0x00000000        0x0 ..\obj\printf.o
 .text.PrintChar
                0x00000000       0x14 ..\obj\printf.o
 .text.PutChar  0x00000000       0x20 ..\obj\printf.o
 .text.PutString
                0x00000000       0x3c ..\obj\printf.o
 .text.PutUnsignedInt
                0x00000000       0xa0 ..\obj\printf.o
 .text.PutSignedInt
                0x00000000       0xfc ..\obj\printf.o
 .text.PutHexa  0x00000000       0xd4 ..\obj\printf.o
 .text.vsnprintf
                0x00000000      0x254 ..\obj\printf.o
 .text.snprintf
                0x00000000       0x30 ..\obj\printf.o
 .text.vsprintf
                0x00000000       0x24 ..\obj\printf.o
 .rodata        0x00000000       0x24 ..\obj\printf.o
 .text.vfprintf
                0x00000000       0x68 ..\obj\printf.o
 .text.vprintf  0x00000000       0x28 ..\obj\printf.o
 .text.fprintf  0x00000000       0x2c ..\obj\printf.o
 .text.printf   0x00000000       0x28 ..\obj\printf.o
 .text.sprintf  0x00000000       0x2c ..\obj\printf.o
 .text.puts     0x00000000       0x24 ..\obj\printf.o
 .text.fputc    0x00000000       0x40 ..\obj\printf.o
 .text.fputs    0x00000000       0x48 ..\obj\printf.o
 .debug_info    0x00000000      0xe38 ..\obj\printf.o
 .debug_abbrev  0x00000000      0x27e ..\obj\printf.o
 .debug_aranges
                0x00000000       0xa0 ..\obj\printf.o
 .debug_ranges  0x00000000       0x90 ..\obj\printf.o
 .debug_line    0x00000000      0x395 ..\obj\printf.o
 .debug_str     0x00000000      0x65e ..\obj\printf.o
 .comment       0x00000000       0x71 ..\obj\printf.o
 .ARM.attributes
                0x00000000       0x33 ..\obj\printf.o
 .debug_frame   0x00000000      0x244 ..\obj\printf.o
 .text          0x00000000        0x0 ..\obj\stm32f10x_rcc.o
 .data          0x00000000       0x14 ..\obj\stm32f10x_rcc.o
 .bss           0x00000000        0x0 ..\obj\stm32f10x_rcc.o
 .text.RCC_DeInit
                0x00000000       0x5c ..\obj\stm32f10x_rcc.o
 .text.RCC_HSEConfig
                0x00000000       0x5c ..\obj\stm32f10x_rcc.o
 .text.RCC_WaitForHSEStartUp
                0x00000000       0x50 ..\obj\stm32f10x_rcc.o
 .text.RCC_AdjustHSICalibrationValue
                0x00000000       0x3c ..\obj\stm32f10x_rcc.o
 .text.RCC_HSICmd
                0x00000000       0x20 ..\obj\stm32f10x_rcc.o
 .text.RCC_PLLConfig
                0x00000000       0x3c ..\obj\stm32f10x_rcc.o
 .text.RCC_PLLCmd
                0x00000000       0x20 ..\obj\stm32f10x_rcc.o
 .text.RCC_SYSCLKConfig
                0x00000000       0x38 ..\obj\stm32f10x_rcc.o
 .text.RCC_GetSYSCLKSource
                0x00000000       0x20 ..\obj\stm32f10x_rcc.o
 .text.RCC_HCLKConfig
                0x00000000       0x38 ..\obj\stm32f10x_rcc.o
 .text.RCC_PCLK1Config
                0x00000000       0x38 ..\obj\stm32f10x_rcc.o
 .text.RCC_PCLK2Config
                0x00000000       0x38 ..\obj\stm32f10x_rcc.o
 .text.RCC_ITConfig
                0x00000000       0x48 ..\obj\stm32f10x_rcc.o
 .text.RCC_USBCLKConfig
                0x00000000       0x1c ..\obj\stm32f10x_rcc.o
 .text.RCC_ADCCLKConfig
                0x00000000       0x38 ..\obj\stm32f10x_rcc.o
 .text.RCC_LSICmd
                0x00000000       0x20 ..\obj\stm32f10x_rcc.o
 .text.RCC_GetClocksFreq
                0x00000000      0x164 ..\obj\stm32f10x_rcc.o
 .text.RCC_AHBPeriphClockCmd
                0x00000000       0x3c ..\obj\stm32f10x_rcc.o
 .text.RCC_ClockSecuritySystemCmd
                0x00000000       0x20 ..\obj\stm32f10x_rcc.o
 .text.RCC_MCOConfig
                0x00000000       0x20 ..\obj\stm32f10x_rcc.o
 .text.RCC_GetITStatus
                0x00000000       0x38 ..\obj\stm32f10x_rcc.o
 .text.RCC_ClearITPendingBit
                0x00000000       0x20 ..\obj\stm32f10x_rcc.o
 .text          0x00000000        0x0 ..\obj\stm32f10x_exti.o
 .data          0x00000000        0x0 ..\obj\stm32f10x_exti.o
 .bss           0x00000000        0x0 ..\obj\stm32f10x_exti.o
 .text.EXTI_DeInit
                0x00000000       0x34 ..\obj\stm32f10x_exti.o
 .text.EXTI_StructInit
                0x00000000       0x2c ..\obj\stm32f10x_exti.o
 .text.EXTI_GenerateSWInterrupt
                0x00000000       0x24 ..\obj\stm32f10x_exti.o
 .text.EXTI_GetFlagStatus
                0x00000000       0x34 ..\obj\stm32f10x_exti.o
 .text.EXTI_ClearFlag
                0x00000000       0x1c ..\obj\stm32f10x_exti.o
 .text          0x00000000        0x0 ..\obj\Biblioteka_Kalendarz.o
 .data          0x00000000        0x0 ..\obj\Biblioteka_Kalendarz.o
 .bss           0x00000000        0x0 ..\obj\Biblioteka_Kalendarz.o
 .text.Przelicz_date_na_sekundy
                0x00000000      0x150 ..\obj\Biblioteka_Kalendarz.o
 .text.WeekDay  0x00000000       0xb8 ..\obj\Biblioteka_Kalendarz.o
 .text          0x00000000        0x0 ..\obj\stm32f10x_adc.o
 .data          0x00000000        0x0 ..\obj\stm32f10x_adc.o
 .bss           0x00000000        0x0 ..\obj\stm32f10x_adc.o
 .text.ADC_DeInit
                0x00000000       0x74 ..\obj\stm32f10x_adc.o
 .text.ADC_Init
                0x00000000       0xa4 ..\obj\stm32f10x_adc.o
 .text.ADC_StructInit
                0x00000000       0x38 ..\obj\stm32f10x_adc.o
 .text.ADC_Cmd  0x00000000       0x38 ..\obj\stm32f10x_adc.o
 .text.ADC_DMACmd
                0x00000000       0x38 ..\obj\stm32f10x_adc.o
 .text.ADC_ITConfig
                0x00000000       0x44 ..\obj\stm32f10x_adc.o
 .text.ADC_ResetCalibration
                0x00000000       0x20 ..\obj\stm32f10x_adc.o
 .text.ADC_GetResetCalibrationStatus
                0x00000000       0x30 ..\obj\stm32f10x_adc.o
 .text.ADC_StartCalibration
                0x00000000       0x20 ..\obj\stm32f10x_adc.o
 .text.ADC_GetCalibrationStatus
                0x00000000       0x30 ..\obj\stm32f10x_adc.o
 .text.ADC_SoftwareStartConvCmd
                0x00000000       0x38 ..\obj\stm32f10x_adc.o
 .text.ADC_GetSoftwareStartConvStatus
                0x00000000       0x30 ..\obj\stm32f10x_adc.o
 .text.ADC_DiscModeChannelCountConfig
                0x00000000       0x44 ..\obj\stm32f10x_adc.o
 .text.ADC_DiscModeCmd
                0x00000000       0x38 ..\obj\stm32f10x_adc.o
 .text.ADC_RegularChannelConfig
                0x00000000      0x188 ..\obj\stm32f10x_adc.o
 .text.ADC_ExternalTrigConvCmd
                0x00000000       0x38 ..\obj\stm32f10x_adc.o
 .text.ADC_GetConversionValue
                0x00000000       0x1c ..\obj\stm32f10x_adc.o
 .text.ADC_GetDualModeConversionValue
                0x00000000       0x18 ..\obj\stm32f10x_adc.o
 .text.ADC_AutoInjectedConvCmd
                0x00000000       0x38 ..\obj\stm32f10x_adc.o
 .text.ADC_InjectedDiscModeCmd
                0x00000000       0x38 ..\obj\stm32f10x_adc.o
 .text.ADC_ExternalTrigInjectedConvConfig
                0x00000000       0x34 ..\obj\stm32f10x_adc.o
 .text.ADC_ExternalTrigInjectedConvCmd
                0x00000000       0x38 ..\obj\stm32f10x_adc.o
 .text.ADC_SoftwareStartInjectedConvCmd
                0x00000000       0x38 ..\obj\stm32f10x_adc.o
 .text.ADC_GetSoftwareStartInjectedConvCmdStatus
                0x00000000       0x30 ..\obj\stm32f10x_adc.o
 .text.ADC_InjectedChannelConfig
                0x00000000      0x114 ..\obj\stm32f10x_adc.o
 .text.ADC_InjectedSequencerLengthConfig
                0x00000000       0x44 ..\obj\stm32f10x_adc.o
 .text.ADC_SetInjectedOffset
                0x00000000       0x30 ..\obj\stm32f10x_adc.o
 .text.ADC_GetInjectedConversionValue
                0x00000000       0x30 ..\obj\stm32f10x_adc.o
 .text.ADC_AnalogWatchdogCmd
                0x00000000       0x38 ..\obj\stm32f10x_adc.o
 .text.ADC_AnalogWatchdogThresholdsConfig
                0x00000000       0x28 ..\obj\stm32f10x_adc.o
 .text.ADC_AnalogWatchdogSingleChannelConfig
                0x00000000       0x38 ..\obj\stm32f10x_adc.o
 .text.ADC_TempSensorVrefintCmd
                0x00000000       0x38 ..\obj\stm32f10x_adc.o
 .text.ADC_GetFlagStatus
                0x00000000       0x34 ..\obj\stm32f10x_adc.o
 .text.ADC_ClearFlag
                0x00000000       0x20 ..\obj\stm32f10x_adc.o
 .text.ADC_GetITStatus
                0x00000000       0x58 ..\obj\stm32f10x_adc.o
 .text.ADC_ClearITPendingBit
                0x00000000       0x2c ..\obj\stm32f10x_adc.o
 .debug_info    0x00000000      0xb74 ..\obj\stm32f10x_adc.o
 .debug_abbrev  0x00000000      0x198 ..\obj\stm32f10x_adc.o
 .debug_aranges
                0x00000000      0x138 ..\obj\stm32f10x_adc.o
 .debug_ranges  0x00000000      0x128 ..\obj\stm32f10x_adc.o
 .debug_line    0x00000000      0x51a ..\obj\stm32f10x_adc.o
 .debug_str     0x00000000      0x703 ..\obj\stm32f10x_adc.o
 .comment       0x00000000       0x71 ..\obj\stm32f10x_adc.o
 .ARM.attributes
                0x00000000       0x33 ..\obj\stm32f10x_adc.o
 .debug_frame   0x00000000      0x400 ..\obj\stm32f10x_adc.o
 .text          0x00000000        0x0 ..\obj\stm32f10x_flash.o
 .data          0x00000000        0x0 ..\obj\stm32f10x_flash.o
 .bss           0x00000000        0x0 ..\obj\stm32f10x_flash.o
 .text.FLASH_SetLatency
                0x00000000       0x38 ..\obj\stm32f10x_flash.o
 .text.FLASH_HalfCycleAccessCmd
                0x00000000       0x30 ..\obj\stm32f10x_flash.o
 .text.FLASH_PrefetchBufferCmd
                0x00000000       0x30 ..\obj\stm32f10x_flash.o
 .text.FLASH_UnlockBank1
                0x00000000       0x24 ..\obj\stm32f10x_flash.o
 .text.FLASH_LockBank1
                0x00000000       0x1c ..\obj\stm32f10x_flash.o
 .text.FLASH_EraseAllPages
                0x00000000       0x5c ..\obj\stm32f10x_flash.o
 .text.FLASH_EraseAllBank1Pages
                0x00000000       0x5c ..\obj\stm32f10x_flash.o
 .text.FLASH_EraseOptionBytes
                0x00000000       0xd4 ..\obj\stm32f10x_flash.o
 .text.FLASH_ProgramWord
                0x00000000       0x94 ..\obj\stm32f10x_flash.o
 .text.FLASH_ProgramOptionByteData
                0x00000000       0x78 ..\obj\stm32f10x_flash.o
 .text.FLASH_EnableWriteProtection
                0x00000000      0x118 ..\obj\stm32f10x_flash.o
 .text.FLASH_ReadOutProtection
                0x00000000       0xd4 ..\obj\stm32f10x_flash.o
 .text.FLASH_UserOptionByteConfig
                0x00000000       0x94 ..\obj\stm32f10x_flash.o
 .text.FLASH_GetUserOptionByte
                0x00000000       0x18 ..\obj\stm32f10x_flash.o
 .text.FLASH_GetWriteProtectionOptionByte
                0x00000000       0x18 ..\obj\stm32f10x_flash.o
 .text.FLASH_GetReadOutProtectionStatus
                0x00000000       0x34 ..\obj\stm32f10x_flash.o
 .text.FLASH_GetPrefetchBufferStatus
                0x00000000       0x34 ..\obj\stm32f10x_flash.o
 .text.FLASH_ITConfig
                0x00000000       0x3c ..\obj\stm32f10x_flash.o
 .text.FLASH_GetFlagStatus
                0x00000000       0x54 ..\obj\stm32f10x_flash.o
 .text.FLASH_ClearFlag
                0x00000000       0x1c ..\obj\stm32f10x_flash.o
 .text.FLASH_GetStatus
                0x00000000       0x58 ..\obj\stm32f10x_flash.o
 .text.FLASH_WaitForLastBank1Operation
                0x00000000       0x44 ..\obj\stm32f10x_flash.o
 .text          0x00000000        0x0 ..\obj\stm32f10x_it.o
 .bss           0x00000000        0x8 ..\obj\stm32f10x_it.o
 .text.NMIException
                0x00000000        0xc ..\obj\stm32f10x_it.o
 .text.HardFaultException
                0x00000000        0xc ..\obj\stm32f10x_it.o
 .text.MemManageException
                0x00000000        0xc ..\obj\stm32f10x_it.o
 .text.BusFaultException
                0x00000000        0xc ..\obj\stm32f10x_it.o
 .text.UsageFaultException
                0x00000000        0xc ..\obj\stm32f10x_it.o
 .text.DebugMonitor
                0x00000000        0xc ..\obj\stm32f10x_it.o
 .text.SVCHandler
                0x00000000        0xc ..\obj\stm32f10x_it.o
 .text.PendSVC  0x00000000        0xc ..\obj\stm32f10x_it.o
 .text.DMAChannel1_IRQHandler
                0x00000000        0xc ..\obj\stm32f10x_it.o
 .text.DMAChannel2_IRQHandler
                0x00000000        0xc ..\obj\stm32f10x_it.o
 .text.DMAChannel3_IRQHandler
                0x00000000        0xc ..\obj\stm32f10x_it.o
 .text.DMAChannel4_IRQHandler
                0x00000000        0xc ..\obj\stm32f10x_it.o
 .text.DMAChannel5_IRQHandler
                0x00000000        0xc ..\obj\stm32f10x_it.o
 .text.DMAChannel6_IRQHandler
                0x00000000        0xc ..\obj\stm32f10x_it.o
 .text.DMAChannel7_IRQHandler
                0x00000000        0xc ..\obj\stm32f10x_it.o
 .text.ADC_IRQHandler
                0x00000000        0xc ..\obj\stm32f10x_it.o
 .text.USB_HP_CAN_TX_IRQHandler
                0x00000000        0xc ..\obj\stm32f10x_it.o
 .text.USB_LP_CAN_RX0_IRQHandler
                0x00000000        0xc ..\obj\stm32f10x_it.o
 .text.CAN_RX1_IRQHandler
                0x00000000        0xc ..\obj\stm32f10x_it.o
 .text.CAN_SCE_IRQHandler
                0x00000000        0xc ..\obj\stm32f10x_it.o
 .text          0x00000000        0x0 ..\obj\stm32f10x_dma.o
 .data          0x00000000        0x0 ..\obj\stm32f10x_dma.o
 .bss           0x00000000        0x0 ..\obj\stm32f10x_dma.o
 .text.DMA_DeInit
                0x00000000      0x178 ..\obj\stm32f10x_dma.o
 .text.DMA_Init
                0x00000000       0x7c ..\obj\stm32f10x_dma.o
 .text.DMA_StructInit
                0x00000000       0x54 ..\obj\stm32f10x_dma.o
 .text.DMA_Cmd  0x00000000       0x38 ..\obj\stm32f10x_dma.o
 .text.DMA_ITConfig
                0x00000000       0x3c ..\obj\stm32f10x_dma.o
 .text.DMA_SetCurrDataCounter
                0x00000000       0x1c ..\obj\stm32f10x_dma.o
 .text.DMA_GetCurrDataCounter
                0x00000000       0x1c ..\obj\stm32f10x_dma.o
 .text.DMA_GetFlagStatus
                0x00000000       0x54 ..\obj\stm32f10x_dma.o
 .text.DMA_ClearFlag
                0x00000000       0x34 ..\obj\stm32f10x_dma.o
 .text.DMA_GetITStatus
                0x00000000       0x54 ..\obj\stm32f10x_dma.o
 .text.DMA_ClearITPendingBit
                0x00000000       0x34 ..\obj\stm32f10x_dma.o
 .debug_info    0x00000000      0x473 ..\obj\stm32f10x_dma.o
 .debug_abbrev  0x00000000      0x155 ..\obj\stm32f10x_dma.o
 .debug_aranges
                0x00000000       0x70 ..\obj\stm32f10x_dma.o
 .debug_ranges  0x00000000       0x60 ..\obj\stm32f10x_dma.o
 .debug_line    0x00000000      0x2fc ..\obj\stm32f10x_dma.o
 .debug_str     0x00000000      0x3bf ..\obj\stm32f10x_dma.o
 .comment       0x00000000       0x71 ..\obj\stm32f10x_dma.o
 .ARM.attributes
                0x00000000       0x33 ..\obj\stm32f10x_dma.o
 .debug_frame   0x00000000      0x144 ..\obj\stm32f10x_dma.o
 .text          0x00000000        0x0 ..\obj\misc.o
 .data          0x00000000        0x0 ..\obj\misc.o
 .bss           0x00000000        0x0 ..\obj\misc.o
 .text.NVIC_SystemLPConfig
                0x00000000       0x40 ..\obj\misc.o
 .text.SysTick_CLKSourceConfig
                0x00000000       0x38 ..\obj\misc.o
 .text          0x00000000        0x0 ..\obj\basic_math.o
 .bss           0x00000000        0x0 ..\obj\basic_math.o
 .text.random8ML
                0x00000000       0x34 ..\obj\basic_math.o
 .text.random16
                0x00000000       0x34 ..\obj\basic_math.o
 .text.random16_add_entropy
                0x00000000       0x28 ..\obj\basic_math.o
 .text.qadd8    0x00000000       0x30 ..\obj\basic_math.o
 .text.qsub8    0x00000000       0x30 ..\obj\basic_math.o
 .text          0x00000000        0x0 ..\obj\stm32f10x_bkp.o
 .data          0x00000000        0x0 ..\obj\stm32f10x_bkp.o
 .bss           0x00000000        0x0 ..\obj\stm32f10x_bkp.o
 .text.BKP_TamperPinLevelConfig
                0x00000000       0x20 ..\obj\stm32f10x_bkp.o
 .text.BKP_TamperPinCmd
                0x00000000       0x20 ..\obj\stm32f10x_bkp.o
 .text.BKP_ITConfig
                0x00000000       0x20 ..\obj\stm32f10x_bkp.o
 .text.BKP_RTCOutputConfig
                0x00000000       0x38 ..\obj\stm32f10x_bkp.o
 .text.BKP_GetFlagStatus
                0x00000000       0x18 ..\obj\stm32f10x_bkp.o
 .text.BKP_ClearFlag
                0x00000000       0x20 ..\obj\stm32f10x_bkp.o
 .text.BKP_GetITStatus
                0x00000000       0x18 ..\obj\stm32f10x_bkp.o
 .text.BKP_ClearITPendingBit
                0x00000000       0x20 ..\obj\stm32f10x_bkp.o
 .text          0x00000000        0x0 ..\obj\eeprom.o
 .data          0x00000000        0x0 ..\obj\eeprom.o
 .text          0x00000000        0x0 ..\obj\stm32f10x_iwdg.o
 .data          0x00000000        0x0 ..\obj\stm32f10x_iwdg.o
 .bss           0x00000000        0x0 ..\obj\stm32f10x_iwdg.o
 .text.IWDG_WriteAccessCmd
                0x00000000       0x20 ..\obj\stm32f10x_iwdg.o
 .text.IWDG_SetPrescaler
                0x00000000       0x20 ..\obj\stm32f10x_iwdg.o
 .text.IWDG_SetReload
                0x00000000       0x20 ..\obj\stm32f10x_iwdg.o
 .text.IWDG_ReloadCounter
                0x00000000       0x18 ..\obj\stm32f10x_iwdg.o
 .text.IWDG_Enable
                0x00000000       0x18 ..\obj\stm32f10x_iwdg.o
 .text.IWDG_GetFlagStatus
                0x00000000       0x38 ..\obj\stm32f10x_iwdg.o
 .debug_info    0x00000000      0x20a ..\obj\stm32f10x_iwdg.o
 .debug_abbrev  0x00000000      0x101 ..\obj\stm32f10x_iwdg.o
 .debug_aranges
                0x00000000       0x48 ..\obj\stm32f10x_iwdg.o
 .debug_ranges  0x00000000       0x38 ..\obj\stm32f10x_iwdg.o
 .debug_line    0x00000000      0x210 ..\obj\stm32f10x_iwdg.o
 .debug_str     0x00000000      0x264 ..\obj\stm32f10x_iwdg.o
 .comment       0x00000000       0x71 ..\obj\stm32f10x_iwdg.o
 .ARM.attributes
                0x00000000       0x33 ..\obj\stm32f10x_iwdg.o
 .debug_frame   0x00000000       0xb0 ..\obj\stm32f10x_iwdg.o
 .text          0x00000000        0x0 ..\..\..\..\..\..\..\Program Files (x86)\GNU Tools ARM Embedded\4.8 2014q3\arm-none-eabi\lib\armv7e-m\softfp\libm.a(lib_a-s_sin.o)
 .data          0x00000000        0x0 ..\..\..\..\..\..\..\Program Files (x86)\GNU Tools ARM Embedded\4.8 2014q3\arm-none-eabi\lib\armv7e-m\softfp\libm.a(lib_a-s_sin.o)
 .bss           0x00000000        0x0 ..\..\..\..\..\..\..\Program Files (x86)\GNU Tools ARM Embedded\4.8 2014q3\arm-none-eabi\lib\armv7e-m\softfp\libm.a(lib_a-s_sin.o)
 .text          0x00000000        0x0 ..\..\..\..\..\..\..\Program Files (x86)\GNU Tools ARM Embedded\4.8 2014q3\arm-none-eabi\lib\armv7e-m\softfp\libm.a(lib_a-e_rem_pio2.o)
 .data          0x00000000        0x0 ..\..\..\..\..\..\..\Program Files (x86)\GNU Tools ARM Embedded\4.8 2014q3\arm-none-eabi\lib\armv7e-m\softfp\libm.a(lib_a-e_rem_pio2.o)
 .bss           0x00000000        0x0 ..\..\..\..\..\..\..\Program Files (x86)\GNU Tools ARM Embedded\4.8 2014q3\arm-none-eabi\lib\armv7e-m\softfp\libm.a(lib_a-e_rem_pio2.o)
 .text          0x00000000        0x0 ..\..\..\..\..\..\..\Program Files (x86)\GNU Tools ARM Embedded\4.8 2014q3\arm-none-eabi\lib\armv7e-m\softfp\libm.a(lib_a-k_cos.o)
 .data          0x00000000        0x0 ..\..\..\..\..\..\..\Program Files (x86)\GNU Tools ARM Embedded\4.8 2014q3\arm-none-eabi\lib\armv7e-m\softfp\libm.a(lib_a-k_cos.o)
 .bss           0x00000000        0x0 ..\..\..\..\..\..\..\Program Files (x86)\GNU Tools ARM Embedded\4.8 2014q3\arm-none-eabi\lib\armv7e-m\softfp\libm.a(lib_a-k_cos.o)
 .text          0x00000000        0x0 ..\..\..\..\..\..\..\Program Files (x86)\GNU Tools ARM Embedded\4.8 2014q3\arm-none-eabi\lib\armv7e-m\softfp\libm.a(lib_a-k_rem_pio2.o)
 .data          0x00000000        0x0 ..\..\..\..\..\..\..\Program Files (x86)\GNU Tools ARM Embedded\4.8 2014q3\arm-none-eabi\lib\armv7e-m\softfp\libm.a(lib_a-k_rem_pio2.o)
 .bss           0x00000000        0x0 ..\..\..\..\..\..\..\Program Files (x86)\GNU Tools ARM Embedded\4.8 2014q3\arm-none-eabi\lib\armv7e-m\softfp\libm.a(lib_a-k_rem_pio2.o)
 .text          0x00000000        0x0 ..\..\..\..\..\..\..\Program Files (x86)\GNU Tools ARM Embedded\4.8 2014q3\arm-none-eabi\lib\armv7e-m\softfp\libm.a(lib_a-k_sin.o)
 .data          0x00000000        0x0 ..\..\..\..\..\..\..\Program Files (x86)\GNU Tools ARM Embedded\4.8 2014q3\arm-none-eabi\lib\armv7e-m\softfp\libm.a(lib_a-k_sin.o)
 .bss           0x00000000        0x0 ..\..\..\..\..\..\..\Program Files (x86)\GNU Tools ARM Embedded\4.8 2014q3\arm-none-eabi\lib\armv7e-m\softfp\libm.a(lib_a-k_sin.o)
 .text          0x00000000        0x0 ..\..\..\..\..\..\..\Program Files (x86)\GNU Tools ARM Embedded\4.8 2014q3\arm-none-eabi\lib\armv7e-m\softfp\libm.a(lib_a-s_fabs.o)
 .data          0x00000000        0x0 ..\..\..\..\..\..\..\Program Files (x86)\GNU Tools ARM Embedded\4.8 2014q3\arm-none-eabi\lib\armv7e-m\softfp\libm.a(lib_a-s_fabs.o)
 .bss           0x00000000        0x0 ..\..\..\..\..\..\..\Program Files (x86)\GNU Tools ARM Embedded\4.8 2014q3\arm-none-eabi\lib\armv7e-m\softfp\libm.a(lib_a-s_fabs.o)
 .text          0x00000000        0x0 ..\..\..\..\..\..\..\Program Files (x86)\GNU Tools ARM Embedded\4.8 2014q3\arm-none-eabi\lib\armv7e-m\softfp\libm.a(lib_a-s_floor.o)
 .data          0x00000000        0x0 ..\..\..\..\..\..\..\Program Files (x86)\GNU Tools ARM Embedded\4.8 2014q3\arm-none-eabi\lib\armv7e-m\softfp\libm.a(lib_a-s_floor.o)
 .bss           0x00000000        0x0 ..\..\..\..\..\..\..\Program Files (x86)\GNU Tools ARM Embedded\4.8 2014q3\arm-none-eabi\lib\armv7e-m\softfp\libm.a(lib_a-s_floor.o)
 .text          0x00000000        0x0 ..\..\..\..\..\..\..\Program Files (x86)\GNU Tools ARM Embedded\4.8 2014q3\arm-none-eabi\lib\armv7e-m\softfp\libm.a(lib_a-s_scalbn.o)
 .data          0x00000000        0x0 ..\..\..\..\..\..\..\Program Files (x86)\GNU Tools ARM Embedded\4.8 2014q3\arm-none-eabi\lib\armv7e-m\softfp\libm.a(lib_a-s_scalbn.o)
 .bss           0x00000000        0x0 ..\..\..\..\..\..\..\Program Files (x86)\GNU Tools ARM Embedded\4.8 2014q3\arm-none-eabi\lib\armv7e-m\softfp\libm.a(lib_a-s_scalbn.o)
 .text          0x00000000        0x0 ..\..\..\..\..\..\..\Program Files (x86)\GNU Tools ARM Embedded\4.8 2014q3\arm-none-eabi\lib\armv7e-m\softfp\libm.a(lib_a-s_copysign.o)
 .data          0x00000000        0x0 ..\..\..\..\..\..\..\Program Files (x86)\GNU Tools ARM Embedded\4.8 2014q3\arm-none-eabi\lib\armv7e-m\softfp\libm.a(lib_a-s_copysign.o)
 .bss           0x00000000        0x0 ..\..\..\..\..\..\..\Program Files (x86)\GNU Tools ARM Embedded\4.8 2014q3\arm-none-eabi\lib\armv7e-m\softfp\libm.a(lib_a-s_copysign.o)
 .data          0x00000000        0x0 c:/program files (x86)/gnu tools arm embedded/4.8 2014q3/bin/../lib/gcc/arm-none-eabi/4.8.4/armv7-m\libgcc.a(_arm_addsubdf3.o)
 .bss           0x00000000        0x0 c:/program files (x86)/gnu tools arm embedded/4.8 2014q3/bin/../lib/gcc/arm-none-eabi/4.8.4/armv7-m\libgcc.a(_arm_addsubdf3.o)
 .data          0x00000000        0x0 c:/program files (x86)/gnu tools arm embedded/4.8 2014q3/bin/../lib/gcc/arm-none-eabi/4.8.4/armv7-m\libgcc.a(_arm_muldivdf3.o)
 .bss           0x00000000        0x0 c:/program files (x86)/gnu tools arm embedded/4.8 2014q3/bin/../lib/gcc/arm-none-eabi/4.8.4/armv7-m\libgcc.a(_arm_muldivdf3.o)
 .data          0x00000000        0x0 c:/program files (x86)/gnu tools arm embedded/4.8 2014q3/bin/../lib/gcc/arm-none-eabi/4.8.4/armv7-m\libgcc.a(_arm_cmpdf2.o)
 .bss           0x00000000        0x0 c:/program files (x86)/gnu tools arm embedded/4.8 2014q3/bin/../lib/gcc/arm-none-eabi/4.8.4/armv7-m\libgcc.a(_arm_cmpdf2.o)
 .data          0x00000000        0x0 c:/program files (x86)/gnu tools arm embedded/4.8 2014q3/bin/../lib/gcc/arm-none-eabi/4.8.4/armv7-m\libgcc.a(_arm_fixdfsi.o)
 .bss           0x00000000        0x0 c:/program files (x86)/gnu tools arm embedded/4.8 2014q3/bin/../lib/gcc/arm-none-eabi/4.8.4/armv7-m\libgcc.a(_arm_fixdfsi.o)
 .data          0x00000000        0x0 c:/program files (x86)/gnu tools arm embedded/4.8 2014q3/bin/../lib/gcc/arm-none-eabi/4.8.4/armv7-m\libgcc.a(_arm_truncdfsf2.o)
 .bss           0x00000000        0x0 c:/program files (x86)/gnu tools arm embedded/4.8 2014q3/bin/../lib/gcc/arm-none-eabi/4.8.4/armv7-m\libgcc.a(_arm_truncdfsf2.o)
 .data          0x00000000        0x0 c:/program files (x86)/gnu tools arm embedded/4.8 2014q3/bin/../lib/gcc/arm-none-eabi/4.8.4/armv7-m\libgcc.a(_arm_fixsfsi.o)
 .bss           0x00000000        0x0 c:/program files (x86)/gnu tools arm embedded/4.8 2014q3/bin/../lib/gcc/arm-none-eabi/4.8.4/armv7-m\libgcc.a(_arm_fixsfsi.o)
 .text          0x00000000        0x0 ..\..\..\..\..\..\..\Program Files (x86)\GNU Tools ARM Embedded\4.8 2014q3\arm-none-eabi\lib\armv7e-m\softfp\libg.a(lib_a-atoi.o)
 .data          0x00000000        0x0 ..\..\..\..\..\..\..\Program Files (x86)\GNU Tools ARM Embedded\4.8 2014q3\arm-none-eabi\lib\armv7e-m\softfp\libg.a(lib_a-atoi.o)
 .bss           0x00000000        0x0 ..\..\..\..\..\..\..\Program Files (x86)\GNU Tools ARM Embedded\4.8 2014q3\arm-none-eabi\lib\armv7e-m\softfp\libg.a(lib_a-atoi.o)
 .text.atoi     0x00000000        0x8 ..\..\..\..\..\..\..\Program Files (x86)\GNU Tools ARM Embedded\4.8 2014q3\arm-none-eabi\lib\armv7e-m\softfp\libg.a(lib_a-atoi.o)
 .text._atoi_r  0x00000000        0x8 ..\..\..\..\..\..\..\Program Files (x86)\GNU Tools ARM Embedded\4.8 2014q3\arm-none-eabi\lib\armv7e-m\softfp\libg.a(lib_a-atoi.o)
 .ARM.attributes
                0x00000000       0x32 ..\..\..\..\..\..\..\Program Files (x86)\GNU Tools ARM Embedded\4.8 2014q3\arm-none-eabi\lib\armv7e-m\softfp\libg.a(lib_a-atoi.o)
 .debug_frame   0x00000000       0x30 ..\..\..\..\..\..\..\Program Files (x86)\GNU Tools ARM Embedded\4.8 2014q3\arm-none-eabi\lib\armv7e-m\softfp\libg.a(lib_a-atoi.o)
 .text          0x00000000        0x0 ..\..\..\..\..\..\..\Program Files (x86)\GNU Tools ARM Embedded\4.8 2014q3\arm-none-eabi\lib\armv7e-m\softfp\libg.a(lib_a-strtol.o)
 .data          0x00000000        0x0 ..\..\..\..\..\..\..\Program Files (x86)\GNU Tools ARM Embedded\4.8 2014q3\arm-none-eabi\lib\armv7e-m\softfp\libg.a(lib_a-strtol.o)
 .bss           0x00000000        0x0 ..\..\..\..\..\..\..\Program Files (x86)\GNU Tools ARM Embedded\4.8 2014q3\arm-none-eabi\lib\armv7e-m\softfp\libg.a(lib_a-strtol.o)
 .text._strtol_r
                0x00000000      0x114 ..\..\..\..\..\..\..\Program Files (x86)\GNU Tools ARM Embedded\4.8 2014q3\arm-none-eabi\lib\armv7e-m\softfp\libg.a(lib_a-strtol.o)
 .text.strtol   0x00000000       0x18 ..\..\..\..\..\..\..\Program Files (x86)\GNU Tools ARM Embedded\4.8 2014q3\arm-none-eabi\lib\armv7e-m\softfp\libg.a(lib_a-strtol.o)
 .ARM.attributes
                0x00000000       0x32 ..\..\..\..\..\..\..\Program Files (x86)\GNU Tools ARM Embedded\4.8 2014q3\arm-none-eabi\lib\armv7e-m\softfp\libg.a(lib_a-strtol.o)
 .debug_frame   0x00000000       0x50 ..\..\..\..\..\..\..\Program Files (x86)\GNU Tools ARM Embedded\4.8 2014q3\arm-none-eabi\lib\armv7e-m\softfp\libg.a(lib_a-strtol.o)
 .text          0x00000000        0x0 ..\..\..\..\..\..\..\Program Files (x86)\GNU Tools ARM Embedded\4.8 2014q3\arm-none-eabi\lib\armv7e-m\softfp\libg.a(lib_a-ctype_.o)
 .data          0x00000000        0x0 ..\..\..\..\..\..\..\Program Files (x86)\GNU Tools ARM Embedded\4.8 2014q3\arm-none-eabi\lib\armv7e-m\softfp\libg.a(lib_a-ctype_.o)
 .bss           0x00000000        0x0 ..\..\..\..\..\..\..\Program Files (x86)\GNU Tools ARM Embedded\4.8 2014q3\arm-none-eabi\lib\armv7e-m\softfp\libg.a(lib_a-ctype_.o)
 .data.__ctype_ptr__
                0x00000000        0x4 ..\..\..\..\..\..\..\Program Files (x86)\GNU Tools ARM Embedded\4.8 2014q3\arm-none-eabi\lib\armv7e-m\softfp\libg.a(lib_a-ctype_.o)
 .rodata._ctype_
                0x00000000      0x104 ..\..\..\..\..\..\..\Program Files (x86)\GNU Tools ARM Embedded\4.8 2014q3\arm-none-eabi\lib\armv7e-m\softfp\libg.a(lib_a-ctype_.o)
 .ARM.attributes
                0x00000000       0x32 ..\..\..\..\..\..\..\Program Files (x86)\GNU Tools ARM Embedded\4.8 2014q3\arm-none-eabi\lib\armv7e-m\softfp\libg.a(lib_a-ctype_.o)

Memory Configuration

Name             Origin             Length             Attributes
rom              0x08000000         0x00010000         xr
ram              0x20000000         0x00005000         xrw
*default*        0x00000000         0xffffffff

Linker script and memory map

                0x20005000                _eram = 0x20005000

.text           0x08000000     0x55c8
 *(.isr_vector)
 .isr_vector    0x08000000      0x10c ..\obj\startup_stm32f10x_md.o
                0x08000000                g_pfnVectors
 *(.text*)
 .text.RTC_ITConfig
                0x0800010c       0x48 ..\obj\stm32f10x_rtc.o
                0x0800010c                RTC_ITConfig
 .text.RTC_EnterConfigMode
                0x08000154       0x20 ..\obj\stm32f10x_rtc.o
                0x08000154                RTC_EnterConfigMode
 .text.RTC_ExitConfigMode
                0x08000174       0x20 ..\obj\stm32f10x_rtc.o
                0x08000174                RTC_ExitConfigMode
 .text.RTC_GetCounter
                0x08000194       0x2c ..\obj\stm32f10x_rtc.o
                0x08000194                RTC_GetCounter
 .text.RTC_SetCounter
                0x080001c0       0x2c ..\obj\stm32f10x_rtc.o
                0x080001c0                RTC_SetCounter
 .text.RTC_SetPrescaler
                0x080001ec       0x30 ..\obj\stm32f10x_rtc.o
                0x080001ec                RTC_SetPrescaler
 .text.RTC_WaitForLastTask
                0x0800021c       0x20 ..\obj\stm32f10x_rtc.o
                0x0800021c                RTC_WaitForLastTask
 .text.RTC_WaitForSynchro
                0x0800023c       0x30 ..\obj\stm32f10x_rtc.o
                0x0800023c                RTC_WaitForSynchro
 .text.RTC_GetITStatus
                0x0800026c       0x50 ..\obj\stm32f10x_rtc.o
                0x0800026c                RTC_GetITStatus
 .text.RTC_ClearITPendingBit
                0x080002bc       0x2c ..\obj\stm32f10x_rtc.o
                0x080002bc                RTC_ClearITPendingBit
 .text.TIM_DeInit
                0x080002e8      0x22c ..\obj\stm32f10x_tim.o
                0x080002e8                TIM_DeInit
 .text.TIM_TimeBaseInit
                0x08000514       0xf8 ..\obj\stm32f10x_tim.o
                0x08000514                TIM_TimeBaseInit
 .text.TIM_Cmd  0x0800060c       0x40 ..\obj\stm32f10x_tim.o
                0x0800060c                TIM_Cmd
 .text.TIM_ITConfig
                0x0800064c       0x48 ..\obj\stm32f10x_tim.o
                0x0800064c                TIM_ITConfig
 .text.TIM_GetITStatus
                0x08000694       0x54 ..\obj\stm32f10x_tim.o
                0x08000694                TIM_GetITStatus
 .text.TIM_ClearITPendingBit
                0x080006e8       0x20 ..\obj\stm32f10x_tim.o
                0x080006e8                TIM_ClearITPendingBit
 .text.RTC_SetTime
                0x08000708       0x4c ..\obj\RTC_TimeAndCallendar.o
                0x08000708                RTC_SetTime
 .text.RTC_SetCalendar
                0x08000754       0x64 ..\obj\RTC_TimeAndCallendar.o
                0x08000754                RTC_SetCalendar
 .text.RTC_GetSeconds
                0x080007b8       0x14 ..\obj\RTC_TimeAndCallendar.o
                0x080007b8                RTC_GetSeconds
 .text.RTC_GetCalendar
                0x080007cc       0x30 ..\obj\RTC_TimeAndCallendar.o
                0x080007cc                RTC_GetCalendar
 .text.RTC_GetTime
                0x080007fc       0x20 ..\obj\RTC_TimeAndCallendar.o
                0x080007fc                RTC_GetTime
 .text.SystemInit
                0x0800081c       0x68 ..\obj\system_stm32f10x.o
                0x0800081c                SystemInit
 .text.SetSysClock
                0x08000884        0xc ..\obj\system_stm32f10x.o
 .text.SetSysClockTo56
                0x08000890      0x100 ..\obj\system_stm32f10x.o
 .text.Default_Reset_Handler
                0x08000990       0x60 ..\obj\startup_stm32f10x_md.o
                0x08000990                Default_Reset_Handler
                0x08000990                Reset_Handler
 .text.Default_Handler
                0x080009f0        0x8 ..\obj\startup_stm32f10x_md.o
                0x080009f0                DebugMon_Handler
                0x080009f0                HardFault_Handler
                0x080009f0                PendSV_Handler
                0x080009f0                NMI_Handler
                0x080009f0                UsageFault_Handler
                0x080009f0                ADC1_2_IRQHandler
                0x080009f0                DMA1_Channel4_IRQHandler
                0x080009f0                DMA1_Channel7_IRQHandler
                0x080009f0                CAN1_RX1_IRQHandler
                0x080009f0                DMA1_Channel6_IRQHandler
                0x080009f0                DMA1_Channel1_IRQHandler
                0x080009f0                MemManage_Handler
                0x080009f0                SVC_Handler
                0x080009f0                DMA1_Channel5_IRQHandler
                0x080009f0                USB_LP_CAN1_RX0_IRQHandler
                0x080009f0                USB_HP_CAN1_TX_IRQHandler
                0x080009f0                DMA1_Channel3_IRQHandler
                0x080009f0                DMA1_Channel2_IRQHandler
                0x080009f0                CAN1_SCE_IRQHandler
                0x080009f0                BusFault_Handler
 .text.PWR_BackupAccessCmd
                0x080009f8       0x20 ..\obj\stm32f10x_pwr.o
                0x080009f8                PWR_BackupAccessCmd
 .text.GPIO_Init
                0x08000a18      0x178 ..\obj\stm32f10x_gpio.o
                0x08000a18                GPIO_Init
 .text.GPIO_ReadInputDataBit
                0x08000b90       0x34 ..\obj\stm32f10x_gpio.o
                0x08000b90                GPIO_ReadInputDataBit
 .text.GPIO_ReadOutputDataBit
                0x08000bc4       0x34 ..\obj\stm32f10x_gpio.o
                0x08000bc4                GPIO_ReadOutputDataBit
 .text.GPIO_WriteBit
                0x08000bf8       0x30 ..\obj\stm32f10x_gpio.o
                0x08000bf8                GPIO_WriteBit
 .text.GPIO_PinRemapConfig
                0x08000c28       0xe0 ..\obj\stm32f10x_gpio.o
                0x08000c28                GPIO_PinRemapConfig
 .text.GPIO_EXTILineConfig
                0x08000d08       0x7c ..\obj\stm32f10x_gpio.o
                0x08000d08                GPIO_EXTILineConfig
 .text.GPIO_Configuration
                0x08000d84       0x90 ..\obj\system_init.o
                0x08000d84                GPIO_Configuration
 .text.Nixie_GPIOConfiguration
                0x08000e14       0xa0 ..\obj\system_init.o
                0x08000e14                Nixie_GPIOConfiguration
 .text.TIM_Configuration
                0x08000eb4       0xd0 ..\obj\system_init.o
                0x08000eb4                TIM_Configuration
 .text.RTC_Initialization
                0x08000f84       0xa4 ..\obj\system_init.o
                0x08000f84                RTC_Initialization
 .text.NVIC_Initialization
                0x08001028       0x98 ..\obj\system_init.o
                0x08001028                NVIC_Initialization
 .text.NVIC_SetPriority
                0x080010c0       0x54 ..\obj\Delays.o
 .text.SysTick_Config
                0x08001114       0x44 ..\obj\Delays.o
 .text.Delay_ms
                0x08001158       0x94 ..\obj\Delays.o
                0x08001158                Delay_ms
 .text.Delay_us
                0x080011ec       0x58 ..\obj\Delays.o
                0x080011ec                Delay_us
 .text.Delay_L  0x08001244       0x24 ..\obj\Delays.o
                0x08001244                Delay_L
 .text.main     0x08001268      0x17c ..\obj\main.o
                0x08001268                main
 .text.Bazowanie_wskazowki
                0x080013e4       0x24 ..\obj\main.o
                0x080013e4                Bazowanie_wskazowki
 .text.Buzzer_init
                0x08001408       0xac ..\obj\main.o
                0x08001408                Buzzer_init
 .text.Buzzer_start
                0x080014b4       0x1c ..\obj\main.o
                0x080014b4                Buzzer_start
 .text.Wyswietl_czas
                0x080014d0       0xc4 ..\obj\main.o
                0x080014d0                Wyswietl_czas
 .text.Wyswietl_ustaw_zegar_godzina
                0x08001594       0x5c ..\obj\main.o
                0x08001594                Wyswietl_ustaw_zegar_godzina
 .text.Wyswietl_ustaw_zegar_minuta
                0x080015f0       0x5c ..\obj\main.o
                0x080015f0                Wyswietl_ustaw_zegar_minuta
 .text.Wyswietl_ustaw_zegar_dzientyg
                0x0800164c       0x2c ..\obj\main.o
                0x0800164c                Wyswietl_ustaw_zegar_dzientyg
 .text.Wyswietl_ustaw_alarm_godzina
                0x08001678       0x88 ..\obj\main.o
                0x08001678                Wyswietl_ustaw_alarm_godzina
 .text.Wyswietl_ustaw_alarm_minuta
                0x08001700       0x88 ..\obj\main.o
                0x08001700                Wyswietl_ustaw_alarm_minuta
 .text.Wyswietl_odczyt_alarmu
                0x08001788       0xc8 ..\obj\main.o
                0x08001788                Wyswietl_odczyt_alarmu
 .text.Wyswietl_nic
                0x08001850       0x38 ..\obj\main.o
                0x08001850                Wyswietl_nic
 .text.Display_digit
                0x08001888      0x358 ..\obj\main.o
                0x08001888                Display_digit
 .text.Drv_kierunek
                0x08001be0       0x24 ..\obj\main.o
                0x08001be0                Drv_kierunek
 .text.Drv_pozycja
                0x08001c04       0x78 ..\obj\main.o
                0x08001c04                Drv_pozycja
 .text.Drv_KrokCount_Reset
                0x08001c7c       0x18 ..\obj\main.o
                0x08001c7c                Drv_KrokCount_Reset
 .text.Drv_krok
                0x08001c94       0x24 ..\obj\main.o
                0x08001c94                Drv_krok
 .text.Drv_obodz
                0x08001cb8       0x14 ..\obj\main.o
                0x08001cb8                Drv_obodz
 .text.RCC_LSEConfig
                0x08001ccc       0x40 ..\obj\stm32f10x_rcc.o
                0x08001ccc                RCC_LSEConfig
 .text.RCC_RTCCLKConfig
                0x08001d0c       0x24 ..\obj\stm32f10x_rcc.o
                0x08001d0c                RCC_RTCCLKConfig
 .text.RCC_RTCCLKCmd
                0x08001d30       0x20 ..\obj\stm32f10x_rcc.o
                0x08001d30                RCC_RTCCLKCmd
 .text.RCC_APB2PeriphClockCmd
                0x08001d50       0x3c ..\obj\stm32f10x_rcc.o
                0x08001d50                RCC_APB2PeriphClockCmd
 .text.RCC_APB1PeriphClockCmd
                0x08001d8c       0x3c ..\obj\stm32f10x_rcc.o
                0x08001d8c                RCC_APB1PeriphClockCmd
 .text.RCC_APB2PeriphResetCmd
                0x08001dc8       0x3c ..\obj\stm32f10x_rcc.o
                0x08001dc8                RCC_APB2PeriphResetCmd
 .text.RCC_APB1PeriphResetCmd
                0x08001e04       0x3c ..\obj\stm32f10x_rcc.o
                0x08001e04                RCC_APB1PeriphResetCmd
 .text.RCC_BackupResetCmd
                0x08001e40       0x20 ..\obj\stm32f10x_rcc.o
                0x08001e40                RCC_BackupResetCmd
 .text.RCC_GetFlagStatus
                0x08001e60       0x74 ..\obj\stm32f10x_rcc.o
                0x08001e60                RCC_GetFlagStatus
 .text.RCC_ClearFlag
                0x08001ed4       0x1c ..\obj\stm32f10x_rcc.o
                0x08001ed4                RCC_ClearFlag
 .text.EXTI_Init
                0x08001ef0       0xdc ..\obj\stm32f10x_exti.o
                0x08001ef0                EXTI_Init
 .text.EXTI_GetITStatus
                0x08001fcc       0x48 ..\obj\stm32f10x_exti.o
                0x08001fcc                EXTI_GetITStatus
 .text.EXTI_ClearITPendingBit
                0x08002014       0x1c ..\obj\stm32f10x_exti.o
                0x08002014                EXTI_ClearITPendingBit
 .text.CheckLeap
                0x08002030       0x60 ..\obj\Biblioteka_Kalendarz.o
                0x08002030                CheckLeap
 .text.ConvertCalendarToSeconds
                0x08002090       0xf0 ..\obj\Biblioteka_Kalendarz.o
                0x08002090                ConvertCalendarToSeconds
 .text.ConvertTimeToSeconds
                0x08002180       0x3c ..\obj\Biblioteka_Kalendarz.o
                0x08002180                ConvertTimeToSeconds
 *fill*         0x080021bc        0x4 
 .text.ConvertSecondsToCalendar
                0x080021c0      0x320 ..\obj\Biblioteka_Kalendarz.o
                0x080021c0                ConvertSecondsToCalendar
 .text.ConvertSecondsToTime
                0x080024e0       0x80 ..\obj\Biblioteka_Kalendarz.o
                0x080024e0                ConvertSecondsToTime
 .text.FLASH_Unlock
                0x08002560       0x24 ..\obj\stm32f10x_flash.o
                0x08002560                FLASH_Unlock
 .text.FLASH_Lock
                0x08002584       0x1c ..\obj\stm32f10x_flash.o
                0x08002584                FLASH_Lock
 .text.FLASH_ErasePage
                0x080025a0       0x64 ..\obj\stm32f10x_flash.o
                0x080025a0                FLASH_ErasePage
 .text.FLASH_ProgramHalfWord
                0x08002604       0x5c ..\obj\stm32f10x_flash.o
                0x08002604                FLASH_ProgramHalfWord
 .text.FLASH_GetBank1Status
                0x08002660       0x58 ..\obj\stm32f10x_flash.o
                0x08002660                FLASH_GetBank1Status
 .text.FLASH_WaitForLastOperation
                0x080026b8       0x44 ..\obj\stm32f10x_flash.o
                0x080026b8                FLASH_WaitForLastOperation
 .text.SysTick_Handler
                0x080026fc        0xc ..\obj\stm32f10x_it.o
                0x080026fc                SysTick_Handler
 .text.WWDG_IRQHandler
                0x08002708        0xc ..\obj\stm32f10x_it.o
                0x08002708                WWDG_IRQHandler
 .text.PVD_IRQHandler
                0x08002714        0xc ..\obj\stm32f10x_it.o
                0x08002714                PVD_IRQHandler
 .text.TAMPER_IRQHandler
                0x08002720        0xc ..\obj\stm32f10x_it.o
                0x08002720                TAMPER_IRQHandler
 .text.RTC_IRQHandler
                0x0800272c      0x144 ..\obj\stm32f10x_it.o
                0x0800272c                RTC_IRQHandler
 .text.FLASH_IRQHandler
                0x08002870        0xc ..\obj\stm32f10x_it.o
                0x08002870                FLASH_IRQHandler
 .text.RCC_IRQHandler
                0x0800287c        0xc ..\obj\stm32f10x_it.o
                0x0800287c                RCC_IRQHandler
 .text.EXTI0_IRQHandler
                0x08002888        0xc ..\obj\stm32f10x_it.o
                0x08002888                EXTI0_IRQHandler
 .text.EXTI1_IRQHandler
                0x08002894        0xc ..\obj\stm32f10x_it.o
                0x08002894                EXTI1_IRQHandler
 .text.EXTI2_IRQHandler
                0x080028a0        0xc ..\obj\stm32f10x_it.o
                0x080028a0                EXTI2_IRQHandler
 .text.EXTI3_IRQHandler
                0x080028ac        0xc ..\obj\stm32f10x_it.o
                0x080028ac                EXTI3_IRQHandler
 .text.EXTI4_IRQHandler
                0x080028b8        0xc ..\obj\stm32f10x_it.o
                0x080028b8                EXTI4_IRQHandler
 .text.EXTI9_5_IRQHandler
                0x080028c4      0x300 ..\obj\stm32f10x_it.o
                0x080028c4                EXTI9_5_IRQHandler
 .text.TIM1_BRK_IRQHandler
                0x08002bc4        0xc ..\obj\stm32f10x_it.o
                0x08002bc4                TIM1_BRK_IRQHandler
 .text.TIM1_UP_IRQHandler
                0x08002bd0       0x20 ..\obj\stm32f10x_it.o
                0x08002bd0                TIM1_UP_IRQHandler
 .text.TIM1_TRG_COM_IRQHandler
                0x08002bf0        0xc ..\obj\stm32f10x_it.o
                0x08002bf0                TIM1_TRG_COM_IRQHandler
 .text.TIM1_CC_IRQHandler
                0x08002bfc        0xc ..\obj\stm32f10x_it.o
                0x08002bfc                TIM1_CC_IRQHandler
 .text.TIM2_IRQHandler
                0x08002c08       0x54 ..\obj\stm32f10x_it.o
                0x08002c08                TIM2_IRQHandler
 .text.TIM3_IRQHandler
                0x08002c5c       0xe4 ..\obj\stm32f10x_it.o
                0x08002c5c                TIM3_IRQHandler
 .text.TIM4_IRQHandler
                0x08002d40       0xe0 ..\obj\stm32f10x_it.o
                0x08002d40                TIM4_IRQHandler
 .text.I2C1_EV_IRQHandler
                0x08002e20        0xc ..\obj\stm32f10x_it.o
                0x08002e20                I2C1_EV_IRQHandler
 .text.I2C1_ER_IRQHandler
                0x08002e2c        0xc ..\obj\stm32f10x_it.o
                0x08002e2c                I2C1_ER_IRQHandler
 .text.I2C2_EV_IRQHandler
                0x08002e38        0xc ..\obj\stm32f10x_it.o
                0x08002e38                I2C2_EV_IRQHandler
 .text.I2C2_ER_IRQHandler
                0x08002e44        0xc ..\obj\stm32f10x_it.o
                0x08002e44                I2C2_ER_IRQHandler
 .text.SPI1_IRQHandler
                0x08002e50        0xc ..\obj\stm32f10x_it.o
                0x08002e50                SPI1_IRQHandler
 .text.SPI2_IRQHandler
                0x08002e5c        0xc ..\obj\stm32f10x_it.o
                0x08002e5c                SPI2_IRQHandler
 .text.USART1_IRQHandler
                0x08002e68        0xc ..\obj\stm32f10x_it.o
                0x08002e68                USART1_IRQHandler
 .text.USART2_IRQHandler
                0x08002e74        0xc ..\obj\stm32f10x_it.o
                0x08002e74                USART2_IRQHandler
 .text.USART3_IRQHandler
                0x08002e80        0xc ..\obj\stm32f10x_it.o
                0x08002e80                USART3_IRQHandler
 .text.EXTI15_10_IRQHandler
                0x08002e8c       0x48 ..\obj\stm32f10x_it.o
                0x08002e8c                EXTI15_10_IRQHandler
 .text.RTCAlarm_IRQHandler
                0x08002ed4       0x18 ..\obj\stm32f10x_it.o
                0x08002ed4                RTCAlarm_IRQHandler
 .text.USBWakeUp_IRQHandler
                0x08002eec        0xc ..\obj\stm32f10x_it.o
                0x08002eec                USBWakeUp_IRQHandler
 .text.NVIC_PriorityGroupConfig
                0x08002ef8       0x24 ..\obj\misc.o
                0x08002ef8                NVIC_PriorityGroupConfig
 .text.NVIC_Init
                0x08002f1c       0xc0 ..\obj\misc.o
                0x08002f1c                NVIC_Init
 .text.NVIC_SetVectorTable
                0x08002fdc       0x2c ..\obj\misc.o
                0x08002fdc                NVIC_SetVectorTable
 .text.random8  0x08003008       0x44 ..\obj\basic_math.o
                0x08003008                random8
 .text.random8L
                0x0800304c       0x28 ..\obj\basic_math.o
                0x0800304c                random8L
 .text.BKP_DeInit
                0x08003074       0x14 ..\obj\stm32f10x_bkp.o
                0x08003074                BKP_DeInit
 .text.BKP_SetRTCCalibrationValue
                0x08003088       0x3c ..\obj\stm32f10x_bkp.o
                0x08003088                BKP_SetRTCCalibrationValue
 .text.BKP_WriteBackupRegister
                0x080030c4       0x34 ..\obj\stm32f10x_bkp.o
                0x080030c4                BKP_WriteBackupRegister
 .text.BKP_ReadBackupRegister
                0x080030f8       0x30 ..\obj\stm32f10x_bkp.o
                0x080030f8                BKP_ReadBackupRegister
 .text.EE_Init  0x08003128      0x294 ..\obj\eeprom.o
                0x08003128                EE_Init
 .text.EE_ReadVariable
                0x080033bc       0x98 ..\obj\eeprom.o
                0x080033bc                EE_ReadVariable
 .text.EE_WriteVariable
                0x08003454       0x44 ..\obj\eeprom.o
                0x08003454                EE_WriteVariable
 .text.EE_Format
                0x08003498       0x50 ..\obj\eeprom.o
 .text.EE_FindValidPage
                0x080034e8       0x8c ..\obj\eeprom.o
 .text.EE_VerifyPageFullWriteVariable
                0x08003574       0xb0 ..\obj\eeprom.o
 .text.EE_PageTransfer
                0x08003624      0x13c ..\obj\eeprom.o
 .text.sin      0x08003760       0x94 ..\..\..\..\..\..\..\Program Files (x86)\GNU Tools ARM Embedded\4.8 2014q3\arm-none-eabi\lib\armv7e-m\softfp\libm.a(lib_a-s_sin.o)
                0x08003760                sin
 *fill*         0x080037f4        0x4 
 .text.__ieee754_rem_pio2
                0x080037f8      0x440 ..\..\..\..\..\..\..\Program Files (x86)\GNU Tools ARM Embedded\4.8 2014q3\arm-none-eabi\lib\armv7e-m\softfp\libm.a(lib_a-e_rem_pio2.o)
                0x080037f8                __ieee754_rem_pio2
 .text.__kernel_cos
                0x08003c38      0x250 ..\..\..\..\..\..\..\Program Files (x86)\GNU Tools ARM Embedded\4.8 2014q3\arm-none-eabi\lib\armv7e-m\softfp\libm.a(lib_a-k_cos.o)
                0x08003c38                __kernel_cos
 .text.__kernel_rem_pio2
                0x08003e88      0x770 ..\..\..\..\..\..\..\Program Files (x86)\GNU Tools ARM Embedded\4.8 2014q3\arm-none-eabi\lib\armv7e-m\softfp\libm.a(lib_a-k_rem_pio2.o)
                0x08003e88                __kernel_rem_pio2
 .text.__kernel_sin
                0x080045f8      0x170 ..\..\..\..\..\..\..\Program Files (x86)\GNU Tools ARM Embedded\4.8 2014q3\arm-none-eabi\lib\armv7e-m\softfp\libm.a(lib_a-k_sin.o)
                0x080045f8                __kernel_sin
 .text.fabs     0x08004768        0x8 ..\..\..\..\..\..\..\Program Files (x86)\GNU Tools ARM Embedded\4.8 2014q3\arm-none-eabi\lib\armv7e-m\softfp\libm.a(lib_a-s_fabs.o)
                0x08004768                fabs
 .text.floor    0x08004770      0x120 ..\..\..\..\..\..\..\Program Files (x86)\GNU Tools ARM Embedded\4.8 2014q3\arm-none-eabi\lib\armv7e-m\softfp\libm.a(lib_a-s_floor.o)
                0x08004770                floor
 .text.scalbn   0x08004890      0x118 ..\..\..\..\..\..\..\Program Files (x86)\GNU Tools ARM Embedded\4.8 2014q3\arm-none-eabi\lib\armv7e-m\softfp\libm.a(lib_a-s_scalbn.o)
                0x08004890                scalbn
 .text.copysign
                0x080049a8       0x14 ..\..\..\..\..\..\..\Program Files (x86)\GNU Tools ARM Embedded\4.8 2014q3\arm-none-eabi\lib\armv7e-m\softfp\libm.a(lib_a-s_copysign.o)
                0x080049a8                copysign
 .text          0x080049bc      0x370 c:/program files (x86)/gnu tools arm embedded/4.8 2014q3/bin/../lib/gcc/arm-none-eabi/4.8.4/armv7-m\libgcc.a(_arm_addsubdf3.o)
                0x080049bc                __aeabi_drsub
                0x080049c4                __aeabi_dsub
                0x080049c4                __subdf3
                0x080049c8                __aeabi_dadd
                0x080049c8                __adddf3
                0x08004c40                __floatunsidf
                0x08004c40                __aeabi_ui2d
                0x08004c60                __floatsidf
                0x08004c60                __aeabi_i2d
                0x08004c84                __aeabi_f2d
                0x08004c84                __extendsfdf2
                0x08004cc0                __floatundidf
                0x08004cc0                __aeabi_ul2d
                0x08004cd0                __floatdidf
                0x08004cd0                __aeabi_l2d
 .text          0x08004d2c      0x424 c:/program files (x86)/gnu tools arm embedded/4.8 2014q3/bin/../lib/gcc/arm-none-eabi/4.8.4/armv7-m\libgcc.a(_arm_muldivdf3.o)
                0x08004d2c                __aeabi_dmul
                0x08004d2c                __muldf3
                0x08004f80                __divdf3
                0x08004f80                __aeabi_ddiv
 .text          0x08005150      0x110 c:/program files (x86)/gnu tools arm embedded/4.8 2014q3/bin/../lib/gcc/arm-none-eabi/4.8.4/armv7-m\libgcc.a(_arm_cmpdf2.o)
                0x08005150                __gtdf2
                0x08005150                __gedf2
                0x08005158                __ltdf2
                0x08005158                __ledf2
                0x08005160                __nedf2
                0x08005160                __eqdf2
                0x08005160                __cmpdf2
                0x080051dc                __aeabi_cdrcmple
                0x080051ec                __aeabi_cdcmpeq
                0x080051ec                __aeabi_cdcmple
                0x080051fc                __aeabi_dcmpeq
                0x08005210                __aeabi_dcmplt
                0x08005224                __aeabi_dcmple
                0x08005238                __aeabi_dcmpge
                0x0800524c                __aeabi_dcmpgt
 .text          0x08005260       0x50 c:/program files (x86)/gnu tools arm embedded/4.8 2014q3/bin/../lib/gcc/arm-none-eabi/4.8.4/armv7-m\libgcc.a(_arm_fixdfsi.o)
                0x08005260                __aeabi_d2iz
                0x08005260                __fixdfsi
 .text          0x080052b0       0xa0 c:/program files (x86)/gnu tools arm embedded/4.8 2014q3/bin/../lib/gcc/arm-none-eabi/4.8.4/armv7-m\libgcc.a(_arm_truncdfsf2.o)
                0x080052b0                __truncdfsf2
                0x080052b0                __aeabi_d2f
 .text          0x08005350       0x4c c:/program files (x86)/gnu tools arm embedded/4.8 2014q3/bin/../lib/gcc/arm-none-eabi/4.8.4/armv7-m\libgcc.a(_arm_fixsfsi.o)
                0x08005350                __aeabi_f2iz
                0x08005350                __fixsfsi
 *(.init)
 *(.fini)
 *crtbegin.o(.ctors)
 *crtbegin?.o(.ctors)
 *(EXCLUDE_FILE(*crtend.o *crtend?.o) .ctors)
 *(SORT(.ctors.*))
 *(.ctors)
 *crtbegin.o(.dtors)
 *crtbegin?.o(.dtors)
 *(EXCLUDE_FILE(*crtend.o *crtend?.o) .dtors)
 *(SORT(.dtors.*))
 *(.dtors)
 *(.rodata*)
 .rodata        0x0800539c       0x1c ..\obj\main.o
 .rodata        0x080053b8       0x34 ..\obj\Biblioteka_Kalendarz.o
                0x080053b8                dayspermonth
 .rodata.npio2_hw
                0x080053ec       0x80 ..\..\..\..\..\..\..\Program Files (x86)\GNU Tools ARM Embedded\4.8 2014q3\arm-none-eabi\lib\armv7e-m\softfp\libm.a(lib_a-e_rem_pio2.o)
 .rodata.two_over_pi
                0x0800546c      0x108 ..\..\..\..\..\..\..\Program Files (x86)\GNU Tools ARM Embedded\4.8 2014q3\arm-none-eabi\lib\armv7e-m\softfp\libm.a(lib_a-e_rem_pio2.o)
 .rodata.init_jk
                0x08005574       0x10 ..\..\..\..\..\..\..\Program Files (x86)\GNU Tools ARM Embedded\4.8 2014q3\arm-none-eabi\lib\armv7e-m\softfp\libm.a(lib_a-k_rem_pio2.o)
 *fill*         0x08005584        0x4 
 .rodata.PIo2   0x08005588       0x40 ..\..\..\..\..\..\..\Program Files (x86)\GNU Tools ARM Embedded\4.8 2014q3\arm-none-eabi\lib\armv7e-m\softfp\libm.a(lib_a-k_rem_pio2.o)
 *(.eh_fram e*)

.glue_7         0x080055c8        0x0
 .glue_7        0x00000000        0x0 linker stubs

.glue_7t        0x080055c8        0x0
 .glue_7t       0x00000000        0x0 linker stubs

.vfp11_veneer   0x080055c8        0x0
 .vfp11_veneer  0x00000000        0x0 linker stubs

.v4_bx          0x080055c8        0x0
 .v4_bx         0x00000000        0x0 linker stubs

.iplt           0x080055c8        0x0
 .iplt          0x00000000        0x0 ..\obj\stm32f10x_rtc.o

.rel.dyn        0x080055c8        0x0
 .rel.iplt      0x00000000        0x0 ..\obj\stm32f10x_rtc.o

.ARM.extab
 *(.ARM.extab* .gnu.linkonce.armextab.*)
                0x080055c8                __exidx_start = .

.ARM.exidx
 *(.ARM.exidx* .gnu.linkonce.armexidx.*)
                0x080055c8                __exidx_end = .
                0x080055c8                __etext = .
                0x080055c8                _sidata = __etext

.data           0x20000000     0x1418 load address 0x080055c8
                0x20000000                __data_start__ = .
                0x20000000                _sdata = __data_start__
 *(vtable)
 *(.data*)
 .data          0x20000000       0x14 ..\obj\system_stm32f10x.o
                0x20000000                SystemCoreClock
                0x20000004                AHBPrescTable
 .data          0x20000014       0x10 ..\obj\main.o
                0x20000014                VirtAddVarTab
 .data          0x20000024     0x13f0 ..\obj\stm32f10x_it.o
                0x20000024                pelna_nuta
                0x20000028                melodia2
                0x200000cc                melodia3
                0x20000244                melodia1
                0x20000474                melodia4
                0x20000498                melodia5
                0x20000608                melodia6
                0x20000734                melodia7
                0x200008b8                melodia8
                0x20000adc                melodia9
                0x20000bec                melodia10
                0x20000d18                melodia11
                0x20000d88                melodia12
                0x20000ed0                melodia13
                0x20001038                melodia14
                0x20001104                melodia15
                0x200012e0                melodia16
                0x200013d0                melodie
 .data          0x20001414        0x2 ..\obj\basic_math.o
                0x20001414                rand16seed
                0x20001418                . = ALIGN (0x4)
 *fill*         0x20001416        0x2 
                0x20001418                PROVIDE (__preinit_array_start, .)
 *(.preinit_array)
                0x20001418                PROVIDE (__preinit_array_end, .)
                0x20001418                . = ALIGN (0x4)
                0x20001418                PROVIDE (__init_array_start, .)
 *(SORT(.init_array.*))
 *(.init_array)
                0x20001418                PROVIDE (__init_array_end, .)
                0x20001418                . = ALIGN (0x4)
                0x20001418                PROVIDE (__fini_array_start, .)
 *(SORT(.fini_array.*))
 *(.fini_array)
                0x20001418                PROVIDE (__fini_array_end, .)
 *(.jcr*)
                0x20001418                . = ALIGN (0x4)
                0x20001418                __data_end__ = .
                0x20001418                _edata = __data_end__

.igot.plt       0x20001418        0x0 load address 0x080069e0
 .igot.plt      0x00000000        0x0 ..\obj\stm32f10x_rtc.o

.bss            0x20001418      0x858 load address 0x080069e0
                0x20001418                . = ALIGN (0x4)
                0x20001418                __bss_start__ = .
                0x20001418                _sbss = __bss_start__
 *(.bss*)
 .bss           0x20001418        0x2 ..\obj\eeprom.o
                0x20001418                DataVar
 *(COMMON)
 *fill*         0x2000141a        0x2 
 COMMON         0x2000141c       0x39 ..\obj\main.o
                0x2000141c                DrvKrokPeriod
                0x20001420                BuzzerAccept
                0x20001428                BuzzerAlarm
                0x20001430                RTC_ActualTimeStruct
                0x20001434                BuzzerSelect
                0x2000143c                pozycja_wskazowki
                0x20001440                Tmux
                0x20001444                BuzzerStruct
                0x2000144c                nuta_fade
                0x20001450                DrvKrokCount
                0x20001454                eTrybPracy
 *fill*         0x20001455        0x3 
 COMMON         0x20001458      0x818 ..\obj\stm32f10x_it.o
                0x20001458                TimerBNA
                0x2000145c                t
                0x20001c2c                RTC_ActualCallendarStruct
                0x20001c40                RTC_AlarmTimeStruct
                0x20001c43                w
                0x20001c44                idx_nuta_dzwiek
                0x20001c48                RTC_Budzik
                0x20001c64                Muzyka
                0x20001c68                TimerOA
                0x20001c6c                RTC_BudzikTemp
                0x20001c70                . = ALIGN (0x4)
                0x20001c70                __bss_end__ = .
                0x20001c70                _ebss = __bss_end__

.heap           0x20001c70        0x0
                0x20001c70                __end__ = .
                0x20001c70                _end = __end__
                0x20001c70                end = __end__
 *(.heap*)
                0x20001c70                __HeapLimit = .

.co_stack       0x20001c70      0x400 load address 0x08007238
                0x20001c70                . = ALIGN (0x8)
 *(.co_stack .co_stack.*)
 .co_stack      0x20001c70      0x400 ..\obj\startup_stm32f10x_md.o
                0x20001c70                pulStack
                0x20005000                __StackTop = (ORIGIN (ram) + 0x5000)
                0x20004c00                __StackLimit = (__StackTop - SIZEOF (.co_stack))
                0x20005000                PROVIDE (__stack, __StackTop)
                0x00000001                ASSERT ((__StackLimit >= __HeapLimit), region ram  overflowed with stack)
LOAD ..\obj\stm32f10x_rtc.o
LOAD ..\obj\stm32f10x_tim.o
LOAD ..\obj\RTC_TimeAndCallendar.o
LOAD ..\obj\system_stm32f10x.o
LOAD ..\obj\startup_stm32f10x_md.o
LOAD ..\obj\stm32f10x_pwr.o
LOAD ..\obj\stm32f10x_gpio.o
LOAD ..\obj\system_init.o
LOAD ..\obj\Delays.o
LOAD ..\obj\main.o
LOAD ..\obj\printf.o
LOAD ..\obj\stm32f10x_rcc.o
LOAD ..\obj\stm32f10x_exti.o
LOAD ..\obj\Biblioteka_Kalendarz.o
LOAD ..\obj\stm32f10x_adc.o
LOAD ..\obj\stm32f10x_flash.o
LOAD ..\obj\stm32f10x_it.o
LOAD ..\obj\stm32f10x_dma.o
LOAD ..\obj\misc.o
LOAD ..\obj\basic_math.o
LOAD ..\obj\stm32f10x_bkp.o
LOAD ..\obj\eeprom.o
LOAD ..\obj\stm32f10x_iwdg.o
LOAD ..\..\..\..\..\..\..\Program Files (x86)\GNU Tools ARM Embedded\4.8 2014q3\arm-none-eabi\lib\armv7e-m\softfp\libm.a
START GROUP
LOAD c:/program files (x86)/gnu tools arm embedded/4.8 2014q3/bin/../lib/gcc/arm-none-eabi/4.8.4/armv7-m\libgcc.a
LOAD ..\..\..\..\..\..\..\Program Files (x86)\GNU Tools ARM Embedded\4.8 2014q3\arm-none-eabi\lib\armv7e-m\softfp\libg.a
LOAD ..\..\..\..\..\..\..\Program Files (x86)\GNU Tools ARM Embedded\4.8 2014q3\arm-none-eabi\lib\armv7e-m\softfp\libc.a
END GROUP
OUTPUT(NIXIEclock.elf elf32-littlearm)

.debug_info     0x00000000     0x84aa
 .debug_info    0x00000000      0x434 ..\obj\stm32f10x_rtc.o
 .debug_info    0x00000434     0x1c58 ..\obj\stm32f10x_tim.o
 .debug_info    0x0000208c      0x321 ..\obj\RTC_TimeAndCallendar.o
 .debug_info    0x000023ad      0x479 ..\obj\system_stm32f10x.o
 .debug_info    0x00002826       0xe9 ..\obj\startup_stm32f10x_md.o
 .debug_info    0x0000290f      0x482 ..\obj\stm32f10x_pwr.o
 .debug_info    0x00002d91      0x6e7 ..\obj\stm32f10x_gpio.o
 .debug_info    0x00003478      0x777 ..\obj\system_init.o
 .debug_info    0x00003bef      0x65e ..\obj\Delays.o
 .debug_info    0x0000424d      0x9e2 ..\obj\main.o
 .debug_info    0x00004c2f      0x88d ..\obj\stm32f10x_rcc.o
 .debug_info    0x000054bc      0x341 ..\obj\stm32f10x_exti.o
 .debug_info    0x000057fd      0x3f0 ..\obj\Biblioteka_Kalendarz.o
 .debug_info    0x00005bed      0x7b1 ..\obj\stm32f10x_flash.o
 .debug_info    0x0000639e      0xdf0 ..\obj\stm32f10x_it.o
 .debug_info    0x0000718e      0x53d ..\obj\misc.o
 .debug_info    0x000076cb      0x221 ..\obj\basic_math.o
 .debug_info    0x000078ec      0x79d ..\obj\stm32f10x_bkp.o
 .debug_info    0x00008089      0x421 ..\obj\eeprom.o

.debug_abbrev   0x00000000     0x1b7c
 .debug_abbrev  0x00000000      0x18d ..\obj\stm32f10x_rtc.o
 .debug_abbrev  0x0000018d      0x1b0 ..\obj\stm32f10x_tim.o
 .debug_abbrev  0x0000033d      0x123 ..\obj\RTC_TimeAndCallendar.o
 .debug_abbrev  0x00000460      0x14c ..\obj\system_stm32f10x.o
 .debug_abbrev  0x000005ac       0xa7 ..\obj\startup_stm32f10x_md.o
 .debug_abbrev  0x00000653      0x17f ..\obj\stm32f10x_pwr.o
 .debug_abbrev  0x000007d2      0x1c8 ..\obj\stm32f10x_gpio.o
 .debug_abbrev  0x0000099a      0x11f ..\obj\system_init.o
 .debug_abbrev  0x00000ab9      0x1de ..\obj\Delays.o
 .debug_abbrev  0x00000c97      0x269 ..\obj\main.o
 .debug_abbrev  0x00000f00      0x1ba ..\obj\stm32f10x_rcc.o
 .debug_abbrev  0x000010ba      0x151 ..\obj\stm32f10x_exti.o
 .debug_abbrev  0x0000120b      0x13d ..\obj\Biblioteka_Kalendarz.o
 .debug_abbrev  0x00001348      0x18b ..\obj\stm32f10x_flash.o
 .debug_abbrev  0x000014d3      0x1b3 ..\obj\stm32f10x_it.o
 .debug_abbrev  0x00001686      0x145 ..\obj\misc.o
 .debug_abbrev  0x000017cb      0x106 ..\obj\basic_math.o
 .debug_abbrev  0x000018d1      0x163 ..\obj\stm32f10x_bkp.o
 .debug_abbrev  0x00001a34      0x148 ..\obj\eeprom.o

.debug_aranges  0x00000000      0xc38
 .debug_aranges
                0x00000000       0x88 ..\obj\stm32f10x_rtc.o
 .debug_aranges
                0x00000088      0x2f0 ..\obj\stm32f10x_tim.o
 .debug_aranges
                0x00000378       0x48 ..\obj\RTC_TimeAndCallendar.o
 .debug_aranges
                0x000003c0       0x38 ..\obj\system_stm32f10x.o
 .debug_aranges
                0x000003f8       0x28 ..\obj\startup_stm32f10x_md.o
 .debug_aranges
                0x00000420       0x60 ..\obj\stm32f10x_pwr.o
 .debug_aranges
                0x00000480       0xa8 ..\obj\stm32f10x_gpio.o
 .debug_aranges
                0x00000528       0x40 ..\obj\system_init.o
 .debug_aranges
                0x00000568       0x48 ..\obj\Delays.o
 .debug_aranges
                0x000005b0       0xc0 ..\obj\main.o
 .debug_aranges
                0x00000670      0x118 ..\obj\stm32f10x_rcc.o
 .debug_aranges
                0x00000788       0x58 ..\obj\stm32f10x_exti.o
 .debug_aranges
                0x000007e0       0x50 ..\obj\Biblioteka_Kalendarz.o
 .debug_aranges
                0x00000830       0xf8 ..\obj\stm32f10x_flash.o
 .debug_aranges
                0x00000928      0x1b8 ..\obj\stm32f10x_it.o
 .debug_aranges
                0x00000ae0       0x40 ..\obj\misc.o
 .debug_aranges
                0x00000b20       0x50 ..\obj\basic_math.o
 .debug_aranges
                0x00000b70       0x78 ..\obj\stm32f10x_bkp.o
 .debug_aranges
                0x00000be8       0x50 ..\obj\eeprom.o

.debug_ranges   0x00000000      0xb08
 .debug_ranges  0x00000000       0x78 ..\obj\stm32f10x_rtc.o
 .debug_ranges  0x00000078      0x2e0 ..\obj\stm32f10x_tim.o
 .debug_ranges  0x00000358       0x38 ..\obj\RTC_TimeAndCallendar.o
 .debug_ranges  0x00000390       0x28 ..\obj\system_stm32f10x.o
 .debug_ranges  0x000003b8       0x18 ..\obj\startup_stm32f10x_md.o
 .debug_ranges  0x000003d0       0x50 ..\obj\stm32f10x_pwr.o
 .debug_ranges  0x00000420       0x98 ..\obj\stm32f10x_gpio.o
 .debug_ranges  0x000004b8       0x30 ..\obj\system_init.o
 .debug_ranges  0x000004e8       0x38 ..\obj\Delays.o
 .debug_ranges  0x00000520       0xb0 ..\obj\main.o
 .debug_ranges  0x000005d0      0x108 ..\obj\stm32f10x_rcc.o
 .debug_ranges  0x000006d8       0x48 ..\obj\stm32f10x_exti.o
 .debug_ranges  0x00000720       0x40 ..\obj\Biblioteka_Kalendarz.o
 .debug_ranges  0x00000760       0xe8 ..\obj\stm32f10x_flash.o
 .debug_ranges  0x00000848      0x1a8 ..\obj\stm32f10x_it.o
 .debug_ranges  0x000009f0       0x30 ..\obj\misc.o
 .debug_ranges  0x00000a20       0x40 ..\obj\basic_math.o
 .debug_ranges  0x00000a60       0x68 ..\obj\stm32f10x_bkp.o
 .debug_ranges  0x00000ac8       0x40 ..\obj\eeprom.o

.debug_line     0x00000000     0x4202
 .debug_line    0x00000000      0x2ca ..\obj\stm32f10x_rtc.o
 .debug_line    0x000002ca      0xa73 ..\obj\stm32f10x_tim.o
 .debug_line    0x00000d3d      0x27f ..\obj\RTC_TimeAndCallendar.o
 .debug_line    0x00000fbc      0x210 ..\obj\system_stm32f10x.o
 .debug_line    0x000011cc       0xa2 ..\obj\startup_stm32f10x_md.o
 .debug_line    0x0000126e      0x27c ..\obj\stm32f10x_pwr.o
 .debug_line    0x000014ea      0x3a7 ..\obj\stm32f10x_gpio.o
 .debug_line    0x00001891      0x2d6 ..\obj\system_init.o
 .debug_line    0x00001b67      0x255 ..\obj\Delays.o
 .debug_line    0x00001dbc      0x555 ..\obj\main.o
 .debug_line    0x00002311      0x4b5 ..\obj\stm32f10x_rcc.o
 .debug_line    0x000027c6      0x29d ..\obj\stm32f10x_exti.o
 .debug_line    0x00002a63      0x2b4 ..\obj\Biblioteka_Kalendarz.o
 .debug_line    0x00002d17      0x4d2 ..\obj\stm32f10x_flash.o
 .debug_line    0x000031e9      0x658 ..\obj\stm32f10x_it.o
 .debug_line    0x00003841      0x23d ..\obj\misc.o
 .debug_line    0x00003a7e      0x1e3 ..\obj\basic_math.o
 .debug_line    0x00003c61      0x286 ..\obj\stm32f10x_bkp.o
 .debug_line    0x00003ee7      0x31b ..\obj\eeprom.o

.debug_str      0x00000000     0x3628
 .debug_str     0x00000000      0x33a ..\obj\stm32f10x_rtc.o
                                0x3aa (size before relaxing)
 .debug_str     0x0000033a      0xb80 ..\obj\stm32f10x_tim.o
                                0xde5 (size before relaxing)
 .debug_str     0x00000eba      0x1aa ..\obj\RTC_TimeAndCallendar.o
                                0x30b (size before relaxing)
 .debug_str     0x00001064      0x172 ..\obj\system_stm32f10x.o
                                0x2f7 (size before relaxing)
 .debug_str     0x000011d6       0xb0 ..\obj\startup_stm32f10x_md.o
                                0x147 (size before relaxing)
 .debug_str     0x00001286      0x127 ..\obj\stm32f10x_pwr.o
                                0x32a (size before relaxing)
 .debug_str     0x000013ad      0x377 ..\obj\stm32f10x_gpio.o
                                0x521 (size before relaxing)
 .debug_str     0x00001724      0x4e6 ..\obj\system_init.o
                                0x967 (size before relaxing)
 .debug_str     0x00001c0a       0xf1 ..\obj\Delays.o
                                0x5b7 (size before relaxing)
 .debug_str     0x00001cfb      0x3a5 ..\obj\main.o
                                0x738 (size before relaxing)
 .debug_str     0x000020a0      0x3e8 ..\obj\stm32f10x_rcc.o
                                0x622 (size before relaxing)
 .debug_str     0x00002488      0x105 ..\obj\stm32f10x_exti.o
                                0x351 (size before relaxing)
 .debug_str     0x0000258d      0x12a ..\obj\Biblioteka_Kalendarz.o
                                0x339 (size before relaxing)
 .debug_str     0x000026b7      0x407 ..\obj\stm32f10x_flash.o
                                0x5f0 (size before relaxing)
 .debug_str     0x00002abe      0x530 ..\obj\stm32f10x_it.o
                                0xa16 (size before relaxing)
 .debug_str     0x00002fee      0x10b ..\obj\misc.o
                                0x3c6 (size before relaxing)
 .debug_str     0x000030f9       0x8b ..\obj\basic_math.o
                                0x1e1 (size before relaxing)
 .debug_str     0x00003184      0x32a ..\obj\stm32f10x_bkp.o
                                0x5bd (size before relaxing)
 .debug_str     0x000034ae      0x17a ..\obj\eeprom.o
                                0x36e (size before relaxing)

.comment        0x00000000       0x70
 .comment       0x00000000       0x70 ..\obj\stm32f10x_rtc.o
                                 0x71 (size before relaxing)
 .comment       0x00000000       0x71 ..\obj\stm32f10x_tim.o
 .comment       0x00000000       0x71 ..\obj\RTC_TimeAndCallendar.o
 .comment       0x00000000       0x71 ..\obj\system_stm32f10x.o
 .comment       0x00000000       0x71 ..\obj\startup_stm32f10x_md.o
 .comment       0x00000000       0x71 ..\obj\stm32f10x_pwr.o
 .comment       0x00000000       0x71 ..\obj\stm32f10x_gpio.o
 .comment       0x00000000       0x71 ..\obj\system_init.o
 .comment       0x00000000       0x71 ..\obj\Delays.o
 .comment       0x00000000       0x71 ..\obj\main.o
 .comment       0x00000000       0x71 ..\obj\stm32f10x_rcc.o
 .comment       0x00000000       0x71 ..\obj\stm32f10x_exti.o
 .comment       0x00000000       0x71 ..\obj\Biblioteka_Kalendarz.o
 .comment       0x00000000       0x71 ..\obj\stm32f10x_flash.o
 .comment       0x00000000       0x71 ..\obj\stm32f10x_it.o
 .comment       0x00000000       0x71 ..\obj\misc.o
 .comment       0x00000000       0x71 ..\obj\basic_math.o
 .comment       0x00000000       0x71 ..\obj\stm32f10x_bkp.o
 .comment       0x00000000       0x71 ..\obj\eeprom.o

.ARM.attributes
                0x00000000       0x32
 .ARM.attributes
                0x00000000       0x33 ..\obj\stm32f10x_rtc.o
 .ARM.attributes
                0x00000033       0x33 ..\obj\stm32f10x_tim.o
 .ARM.attributes
                0x00000066       0x33 ..\obj\RTC_TimeAndCallendar.o
 .ARM.attributes
                0x00000099       0x33 ..\obj\system_stm32f10x.o
 .ARM.attributes
                0x000000cc       0x33 ..\obj\startup_stm32f10x_md.o
 .ARM.attributes
                0x000000ff       0x33 ..\obj\stm32f10x_pwr.o
 .ARM.attributes
                0x00000132       0x33 ..\obj\stm32f10x_gpio.o
 .ARM.attributes
                0x00000165       0x33 ..\obj\system_init.o
 .ARM.attributes
                0x00000198       0x33 ..\obj\Delays.o
 .ARM.attributes
                0x000001cb       0x33 ..\obj\main.o
 .ARM.attributes
                0x000001fe       0x33 ..\obj\stm32f10x_rcc.o
 .ARM.attributes
                0x00000231       0x33 ..\obj\stm32f10x_exti.o
 .ARM.attributes
                0x00000264       0x33 ..\obj\Biblioteka_Kalendarz.o
 .ARM.attributes
                0x00000297       0x33 ..\obj\stm32f10x_flash.o
 .ARM.attributes
                0x000002ca       0x33 ..\obj\stm32f10x_it.o
 .ARM.attributes
                0x000002fd       0x33 ..\obj\misc.o
 .ARM.attributes
                0x00000330       0x33 ..\obj\basic_math.o
 .ARM.attributes
                0x00000363       0x33 ..\obj\stm32f10x_bkp.o
 .ARM.attributes
                0x00000396       0x33 ..\obj\eeprom.o
 .ARM.attributes
                0x000003c9       0x32 ..\..\..\..\..\..\..\Program Files (x86)\GNU Tools ARM Embedded\4.8 2014q3\arm-none-eabi\lib\armv7e-m\softfp\libm.a(lib_a-s_sin.o)
 .ARM.attributes
                0x000003fb       0x32 ..\..\..\..\..\..\..\Program Files (x86)\GNU Tools ARM Embedded\4.8 2014q3\arm-none-eabi\lib\armv7e-m\softfp\libm.a(lib_a-e_rem_pio2.o)
 .ARM.attributes
                0x0000042d       0x32 ..\..\..\..\..\..\..\Program Files (x86)\GNU Tools ARM Embedded\4.8 2014q3\arm-none-eabi\lib\armv7e-m\softfp\libm.a(lib_a-k_cos.o)
 .ARM.attributes
                0x0000045f       0x32 ..\..\..\..\..\..\..\Program Files (x86)\GNU Tools ARM Embedded\4.8 2014q3\arm-none-eabi\lib\armv7e-m\softfp\libm.a(lib_a-k_rem_pio2.o)
 .ARM.attributes
                0x00000491       0x32 ..\..\..\..\..\..\..\Program Files (x86)\GNU Tools ARM Embedded\4.8 2014q3\arm-none-eabi\lib\armv7e-m\softfp\libm.a(lib_a-k_sin.o)
 .ARM.attributes
                0x000004c3       0x32 ..\..\..\..\..\..\..\Program Files (x86)\GNU Tools ARM Embedded\4.8 2014q3\arm-none-eabi\lib\armv7e-m\softfp\libm.a(lib_a-s_fabs.o)
 .ARM.attributes
                0x000004f5       0x32 ..\..\..\..\..\..\..\Program Files (x86)\GNU Tools ARM Embedded\4.8 2014q3\arm-none-eabi\lib\armv7e-m\softfp\libm.a(lib_a-s_floor.o)
 .ARM.attributes
                0x00000527       0x32 ..\..\..\..\..\..\..\Program Files (x86)\GNU Tools ARM Embedded\4.8 2014q3\arm-none-eabi\lib\armv7e-m\softfp\libm.a(lib_a-s_scalbn.o)
 .ARM.attributes
                0x00000559       0x32 ..\..\..\..\..\..\..\Program Files (x86)\GNU Tools ARM Embedded\4.8 2014q3\arm-none-eabi\lib\armv7e-m\softfp\libm.a(lib_a-s_copysign.o)
 .ARM.attributes
                0x0000058b       0x1d c:/program files (x86)/gnu tools arm embedded/4.8 2014q3/bin/../lib/gcc/arm-none-eabi/4.8.4/armv7-m\libgcc.a(_arm_addsubdf3.o)
 .ARM.attributes
                0x000005a8       0x1d c:/program files (x86)/gnu tools arm embedded/4.8 2014q3/bin/../lib/gcc/arm-none-eabi/4.8.4/armv7-m\libgcc.a(_arm_muldivdf3.o)
 .ARM.attributes
                0x000005c5       0x1d c:/program files (x86)/gnu tools arm embedded/4.8 2014q3/bin/../lib/gcc/arm-none-eabi/4.8.4/armv7-m\libgcc.a(_arm_cmpdf2.o)
 .ARM.attributes
                0x000005e2       0x1d c:/program files (x86)/gnu tools arm embedded/4.8 2014q3/bin/../lib/gcc/arm-none-eabi/4.8.4/armv7-m\libgcc.a(_arm_fixdfsi.o)
 .ARM.attributes
                0x000005ff       0x1d c:/program files (x86)/gnu tools arm embedded/4.8 2014q3/bin/../lib/gcc/arm-none-eabi/4.8.4/armv7-m\libgcc.a(_arm_truncdfsf2.o)
 .ARM.attributes
                0x0000061c       0x1d c:/program files (x86)/gnu tools arm embedded/4.8 2014q3/bin/../lib/gcc/arm-none-eabi/4.8.4/armv7-m\libgcc.a(_arm_fixsfsi.o)

.debug_frame    0x00000000     0x277c
 .debug_frame   0x00000000      0x194 ..\obj\stm32f10x_rtc.o
 .debug_frame   0x00000194      0xa20 ..\obj\stm32f10x_tim.o
 .debug_frame   0x00000bb4       0xd0 ..\obj\RTC_TimeAndCallendar.o
 .debug_frame   0x00000c84       0x80 ..\obj\system_stm32f10x.o
 .debug_frame   0x00000d04       0x48 ..\obj\startup_stm32f10x_md.o
 .debug_frame   0x00000d4c      0x108 ..\obj\stm32f10x_pwr.o
 .debug_frame   0x00000e54      0x210 ..\obj\stm32f10x_gpio.o
 .debug_frame   0x00001064       0xac ..\obj\system_init.o
 .debug_frame   0x00001110       0xc4 ..\obj\Delays.o
 .debug_frame   0x000011d4      0x290 ..\obj\main.o
 .debug_frame   0x00001464      0x388 ..\obj\stm32f10x_rcc.o
 .debug_frame   0x000017ec       0xec ..\obj\stm32f10x_exti.o
 .debug_frame   0x000018d8       0xe0 ..\obj\Biblioteka_Kalendarz.o
 .debug_frame   0x000019b8      0x338 ..\obj\stm32f10x_flash.o
 .debug_frame   0x00001cf0      0x51c ..\obj\stm32f10x_it.o
 .debug_frame   0x0000220c       0x9c ..\obj\misc.o
 .debug_frame   0x000022a8       0xd4 ..\obj\basic_math.o
 .debug_frame   0x0000237c      0x150 ..\obj\stm32f10x_bkp.o
 .debug_frame   0x000024cc       0xec ..\obj\eeprom.o
 .debug_frame   0x000025b8       0x30 ..\..\..\..\..\..\..\Program Files (x86)\GNU Tools ARM Embedded\4.8 2014q3\arm-none-eabi\lib\armv7e-m\softfp\libm.a(lib_a-s_sin.o)
 .debug_frame   0x000025e8       0x38 ..\..\..\..\..\..\..\Program Files (x86)\GNU Tools ARM Embedded\4.8 2014q3\arm-none-eabi\lib\armv7e-m\softfp\libm.a(lib_a-e_rem_pio2.o)
 .debug_frame   0x00002620       0x38 ..\..\..\..\..\..\..\Program Files (x86)\GNU Tools ARM Embedded\4.8 2014q3\arm-none-eabi\lib\armv7e-m\softfp\libm.a(lib_a-k_cos.o)
 .debug_frame   0x00002658       0x3c ..\..\..\..\..\..\..\Program Files (x86)\GNU Tools ARM Embedded\4.8 2014q3\arm-none-eabi\lib\armv7e-m\softfp\libm.a(lib_a-k_rem_pio2.o)
 .debug_frame   0x00002694       0x38 ..\..\..\..\..\..\..\Program Files (x86)\GNU Tools ARM Embedded\4.8 2014q3\arm-none-eabi\lib\armv7e-m\softfp\libm.a(lib_a-k_sin.o)
 .debug_frame   0x000026cc       0x20 ..\..\..\..\..\..\..\Program Files (x86)\GNU Tools ARM Embedded\4.8 2014q3\arm-none-eabi\lib\armv7e-m\softfp\libm.a(lib_a-s_fabs.o)
 .debug_frame   0x000026ec       0x38 ..\..\..\..\..\..\..\Program Files (x86)\GNU Tools ARM Embedded\4.8 2014q3\arm-none-eabi\lib\armv7e-m\softfp\libm.a(lib_a-s_floor.o)
 .debug_frame   0x00002724       0x30 ..\..\..\..\..\..\..\Program Files (x86)\GNU Tools ARM Embedded\4.8 2014q3\arm-none-eabi\lib\armv7e-m\softfp\libm.a(lib_a-s_scalbn.o)
 .debug_frame   0x00002754       0x28 ..\..\..\..\..\..\..\Program Files (x86)\GNU Tools ARM Embedded\4.8 2014q3\arm-none-eabi\lib\armv7e-m\softfp\libm.a(lib_a-s_copysign.o)
